2026-04-23 03:32:26,480 - INFO - Using device: cuda
[I 2026-04-23 03:32:26,486] A new study created in memory with name: no-name-2254e0ae-dbc9-4bb3-b2d3-c9860c092187
2026-04-23 03:32:26,486 - INFO - Created new Optuna study.
2026-04-23 03:32:26,543 - INFO - Input mode: gnn
2026-04-23 03:35:50,299 - INFO - [train] No NaN graphs found (5485 graphs OK).
2026-04-23 03:36:11,226 - INFO - Starting trial 0
2026-04-23 04:38:44,853 - INFO - Study saved to /lustre/scratch-global/cib/abiel/AMES_FINAL/optuna/study_20260423.pkl
[I 2026-04-23 04:38:45,030] Trial 0 finished with value: 0.5264432554585593 and parameters: {'nGraphConvolutionalLayers': 1, 'n_node_neurons': 21, 'n_edge_neurons': 214, 'DropoutGNN': 0.3966167791283781, 'momentumBatchNorm': 0.6067480557912822, 'nSharedLayers': 2, 'nTargetSpecificLayers': 2, 'n_shared_0': 284, 'n_shared_1': 135, 'n_target_0': 166, 'n_target_1': 38, 'DropoutShared_0': 0.015400396486159151, 'DropoutShared_1': 0.27168682952229, 'DropoutTarget_0': 0.015433617147417644, 'DropoutTarget_1': 0.22017558510693908, 'learningRate': 0.009448921993468232, 'w1': 1.1805410343439617, 'w2': 1.0149481273893532, 'w3': 3.2020154548977655, 'w4': 4.526981782582965, 'w5': 3.559589758834911}. Best is trial 0 with value: 0.5264432554585593.
2026-04-23 04:38:45,118 - INFO - Starting trial 1
2026-04-23 05:42:05,179 - INFO - Study saved to /lustre/scratch-global/cib/abiel/AMES_FINAL/optuna/study_20260423.pkl
[I 2026-04-23 05:42:05,201] Trial 1 finished with value: 0.4737835233552115 and parameters: {'nGraphConvolutionalLayers': 4, 'n_node_neurons': 249, 'n_edge_neurons': 290, 'DropoutGNN': 0.189913005359855, 'momentumBatchNorm': 0.5801763363558015, 'nSharedLayers': 1, 'nTargetSpecificLayers': 1, 'n_shared_0': 2, 'n_target_0': 3, 'DropoutShared_0': 0.4170002446969158, 'DropoutTarget_0': 0.23733763542189135, 'learningRate': 0.0009261036076208296, 'w1': 1.2466458609487032, 'w2': 2.278214403478051, 'w3': 1.7287358492490985, 'w4': 2.984288824391494, 'w5': 1.6821234882697484}. Best is trial 1 with value: 0.4737835233552115.
2026-04-23 05:42:05,202 - INFO - Starting trial 2
2026-04-23 06:45:41,425 - INFO - Study saved to /lustre/scratch-global/cib/abiel/AMES_FINAL/optuna/study_20260423.pkl
[I 2026-04-23 06:45:41,433] Trial 2 finished with value: 0.599321448802948 and parameters: {'nGraphConvolutionalLayers': 1, 'n_node_neurons': 231, 'n_edge_neurons': 184, 'DropoutGNN': 0.4745086210568544, 'momentumBatchNorm': 0.012121562381305129, 'nSharedLayers': 2, 'nTargetSpecificLayers': 3, 'n_shared_0': 224, 'n_shared_1': 131, 'n_target_0': 294, 'n_target_1': 95, 'n_target_2': 132, 'DropoutShared_0': 0.09539541499630039, 'DropoutShared_1': 0.12271335396772731, 'DropoutTarget_0': 0.07482273781561127, 'DropoutTarget_1': 0.432156214890957, 'DropoutTarget_2': 0.48735854575618587, 'learningRate': 8.85140370461628e-05, 'w1': 4.074058964636273, 'w2': 2.3911344057439528, 'w3': 1.5195298922493186, 'w4': 3.915859417995939, 'w5': 2.354760033153159}. Best is trial 1 with value: 0.4737835233552115.
2026-04-23 06:45:41,434 - INFO - Starting trial 3
2026-04-23 07:51:16,094 - INFO - Study saved to /lustre/scratch-global/cib/abiel/AMES_FINAL/optuna/study_20260423.pkl
[I 2026-04-23 07:51:16,204] Trial 3 finished with value: 0.4863303736277989 and parameters: {'nGraphConvolutionalLayers': 3, 'n_node_neurons': 145, 'n_edge_neurons': 278, 'DropoutGNN': 0.07290861506456625, 'momentumBatchNorm': 0.7643663245135802, 'nSharedLayers': 4, 'nTargetSpecificLayers': 3, 'n_shared_0': 143, 'n_shared_1': 203, 'n_shared_2': 71, 'n_shared_3': 47, 'n_target_0': 297, 'n_target_1': 186, 'n_target_2': 296, 'DropoutShared_0': 0.3400176339592356, 'DropoutShared_1': 0.4980693785199373, 'DropoutShared_2': 0.14141075510324286, 'DropoutShared_3': 0.3626527675114919, 'DropoutTarget_0': 0.17853392039741522, 'DropoutTarget_1': 0.05746552865075244, 'DropoutTarget_2': 0.3011581102415726, 'learningRate': 0.0004599168569634174, 'w1': 5.5054925331464695, 'w2': 2.29189233113276, 'w3': 5.746787622048525, 'w4': 5.60084527702363, 'w5': 1.9306610967740525}. Best is trial 1 with value: 0.4737835233552115.
2026-04-23 07:51:16,207 - INFO - Starting trial 4
2026-04-23 08:54:31,612 - INFO - Study saved to /lustre/scratch-global/cib/abiel/AMES_FINAL/optuna/study_20260423.pkl
[I 2026-04-23 08:54:31,614] Trial 4 finished with value: 0.5192164800848279 and parameters: {'nGraphConvolutionalLayers': 4, 'n_node_neurons': 54, 'n_edge_neurons': 33, 'DropoutGNN': 0.4285251766266501, 'momentumBatchNorm': 0.30544982249732877, 'nSharedLayers': 2, 'nTargetSpecificLayers': 1, 'n_shared_0': 24, 'n_shared_1': 69, 'n_target_0': 234, 'DropoutShared_0': 0.2402333851426478, 'DropoutShared_1': 0.4314584319715958, 'DropoutTarget_0': 0.19768984551715324, 'learningRate': 2.254775717815443e-05, 'w1': 4.56164842190809, 'w2': 3.8970691082101085, 'w3': 4.929393137368605, 'w4': 5.667483315499672, 'w5': 4.553323290817094}. Best is trial 1 with value: 0.4737835233552115.
2026-04-23 08:54:31,615 - INFO - Starting trial 5
2026-04-23 09:57:18,294 - INFO - Study saved to /lustre/scratch-global/cib/abiel/AMES_FINAL/optuna/study_20260423.pkl
[I 2026-04-23 09:57:18,313] Trial 5 finished with value: 0.4841384678227561 and parameters: {'nGraphConvolutionalLayers': 3, 'n_node_neurons': 94, 'n_edge_neurons': 189, 'DropoutGNN': 0.442506110118812, 'momentumBatchNorm': 0.554689077688292, 'nSharedLayers': 3, 'nTargetSpecificLayers': 1, 'n_shared_0': 231, 'n_shared_1': 238, 'n_shared_2': 66, 'n_target_0': 74, 'DropoutShared_0': 0.31283437047643303, 'DropoutShared_1': 0.319233103846968, 'DropoutShared_2': 0.017978848344793796, 'DropoutTarget_0': 0.3654678390794143, 'learningRate': 0.0012559842227288943, 'w1': 1.9271919558821495, 'w2': 4.881055896289208, 'w3': 5.6629825378208825, 'w4': 4.390323847470167, 'w5': 1.3740205897051103}. Best is trial 1 with value: 0.4737835233552115.
2026-04-23 09:57:18,315 - INFO - Starting trial 6
2026-04-23 10:58:45,396 - INFO - Study saved to /lustre/scratch-global/cib/abiel/AMES_FINAL/optuna/study_20260423.pkl
[I 2026-04-23 10:58:45,399] Trial 6 finished with value: 0.49560271126883365 and parameters: {'nGraphConvolutionalLayers': 1, 'n_node_neurons': 66, 'n_edge_neurons': 128, 'DropoutGNN': 0.3154982106465208, 'momentumBatchNorm': 0.14767938720098361, 'nSharedLayers': 4, 'nTargetSpecificLayers': 1, 'n_shared_0': 10, 'n_shared_1': 77, 'n_shared_2': 173, 'n_shared_3': 220, 'n_target_0': 295, 'DropoutShared_0': 0.29624344401483244, 'DropoutShared_1': 0.20269062261440662, 'DropoutShared_2': 0.37347654538586533, 'DropoutShared_3': 0.005289930069482807, 'DropoutTarget_0': 0.1966129748117293, 'learningRate': 0.0013701560487955672, 'w1': 1.9146206894534048, 'w2': 3.687368457480808, 'w3': 3.2293206454087433, 'w4': 1.840456813098161, 'w5': 5.355621240956593}. Best is trial 1 with value: 0.4737835233552115.
2026-04-23 10:58:45,400 - INFO - Starting trial 7
[I 2026-04-23 12:04:52,738] Trial 7 pruned. 
2026-04-23 12:04:52,780 - INFO - Starting trial 8
[I 2026-04-23 13:04:43,751] Trial 8 pruned. 
2026-04-23 13:04:43,752 - INFO - Starting trial 9
2026-04-23 14:05:54,662 - INFO - Study saved to /lustre/scratch-global/cib/abiel/AMES_FINAL/optuna/study_20260423.pkl
[I 2026-04-23 14:05:54,695] Trial 9 finished with value: 0.4459915401254381 and parameters: {'nGraphConvolutionalLayers': 2, 'n_node_neurons': 271, 'n_edge_neurons': 107, 'DropoutGNN': 0.42996771365651854, 'momentumBatchNorm': 0.4052415885305518, 'nSharedLayers': 1, 'nTargetSpecificLayers': 1, 'n_shared_0': 70, 'n_target_0': 13, 'DropoutShared_0': 0.2752499905570252, 'DropoutTarget_0': 0.017791539363524345, 'learningRate': 3.053230117081898e-05, 'w1': 2.9560604200679492, 'w2': 1.4483572684325843, 'w3': 1.1561206911052448, 'w4': 4.910935144189555, 'w5': 5.507973188930515}. Best is trial 9 with value: 0.4459915401254381.
2026-04-23 14:05:54,697 - INFO - Starting trial 10
2026-04-23 15:08:34,125 - INFO - Study saved to /lustre/scratch-global/cib/abiel/AMES_FINAL/optuna/study_20260423.pkl
[I 2026-04-23 15:08:34,128] Trial 10 finished with value: 0.4713876174177442 and parameters: {'nGraphConvolutionalLayers': 2, 'n_node_neurons': 299, 'n_edge_neurons': 87, 'DropoutGNN': 0.17894784735104535, 'momentumBatchNorm': 0.9711352241438385, 'nSharedLayers': 1, 'nTargetSpecificLayers': 2, 'n_shared_0': 88, 'n_target_0': 93, 'n_target_1': 283, 'DropoutShared_0': 0.4990062320053568, 'DropoutTarget_0': 0.4792826609309412, 'DropoutTarget_1': 0.49903068073579215, 'learningRate': 1.2680053255727406e-05, 'w1': 3.1643740928833903, 'w2': 5.924407211940424, 'w3': 2.1400403705335673, 'w4': 2.971356784138929, 'w5': 3.9778561895504607}. Best is trial 9 with value: 0.4459915401254381.
2026-04-23 15:08:34,129 - INFO - Starting trial 11
[I 2026-04-23 16:11:13,215] Trial 11 pruned. 
2026-04-23 16:11:13,241 - INFO - Starting trial 12
2026-04-23 17:14:05,969 - INFO - Study saved to /lustre/scratch-global/cib/abiel/AMES_FINAL/optuna/study_20260423.pkl
[I 2026-04-23 17:14:05,971] Trial 12 finished with value: 0.3588708130802427 and parameters: {'nGraphConvolutionalLayers': 2, 'n_node_neurons': 294, 'n_edge_neurons': 92, 'DropoutGNN': 0.0075348627019059256, 'momentumBatchNorm': 0.39511770021669596, 'nSharedLayers': 1, 'nTargetSpecificLayers': 2, 'n_shared_0': 84, 'n_target_0': 6, 'n_target_1': 300, 'DropoutShared_0': 0.14496317968440078, 'DropoutTarget_0': 0.48358291652300345, 'DropoutTarget_1': 0.32641406321480676, 'learningRate': 7.975344831355945e-05, 'w1': 3.0693660042952997, 'w2': 4.70315767401122, 'w3': 2.329754198964312, 'w4': 1.1263739765445773, 'w5': 5.744614751350111}. Best is trial 12 with value: 0.3588708130802427.
2026-04-23 17:14:05,972 - INFO - Starting trial 13
2026-04-23 18:16:50,680 - INFO - Study saved to /lustre/scratch-global/cib/abiel/AMES_FINAL/optuna/study_20260423.pkl
[I 2026-04-23 18:16:50,722] Trial 13 finished with value: 0.3471130107130323 and parameters: {'nGraphConvolutionalLayers': 2, 'n_node_neurons': 244, 'n_edge_neurons': 14, 'DropoutGNN': 0.057218534110186174, 'momentumBatchNorm': 0.3973017205220613, 'nSharedLayers': 1, 'nTargetSpecificLayers': 2, 'n_shared_0': 90, 'n_target_0': 9, 'n_target_1': 227, 'DropoutShared_0': 0.1375428845921885, 'DropoutTarget_0': 0.3757919480099248, 'DropoutTarget_1': 0.31421146943206646, 'learningRate': 0.00010864310344675363, 'w1': 2.708813503414027, 'w2': 4.855563056359105, 'w3': 2.3994553564415577, 'w4': 1.0237464202024427, 'w5': 5.773864346746616}. Best is trial 13 with value: 0.3471130107130323.
2026-04-23 18:16:50,723 - INFO - Starting trial 14
2026-04-23 19:20:25,106 - INFO - Study saved to /lustre/scratch-global/cib/abiel/AMES_FINAL/optuna/study_20260423.pkl
[I 2026-04-23 19:20:25,147] Trial 14 finished with value: 0.33003648826054166 and parameters: {'nGraphConvolutionalLayers': 3, 'n_node_neurons': 202, 'n_edge_neurons': 12, 'DropoutGNN': 0.008595870056049072, 'momentumBatchNorm': 0.4117647405802948, 'nSharedLayers': 2, 'nTargetSpecificLayers': 2, 'n_shared_0': 129, 'n_shared_1': 6, 'n_target_0': 39, 'n_target_1': 242, 'DropoutShared_0': 0.14230915333488312, 'DropoutShared_1': 0.0031339136700517245, 'DropoutTarget_0': 0.3771238057978495, 'DropoutTarget_1': 0.31205984112677254, 'learningRate': 0.00011873792655656033, 'w1': 2.556888279145444, 'w2': 4.5139630690897565, 'w3': 2.5382406021898367, 'w4': 1.1165581442124792, 'w5': 5.9925756802907415}. Best is trial 14 with value: 0.33003648826054166.
2026-04-23 19:20:25,149 - INFO - Starting trial 15
2026-04-23 20:25:17,902 - INFO - Study saved to /lustre/scratch-global/cib/abiel/AMES_FINAL/optuna/study_20260423.pkl
[I 2026-04-23 20:25:17,918] Trial 15 finished with value: 0.3633700633049012 and parameters: {'nGraphConvolutionalLayers': 5, 'n_node_neurons': 196, 'n_edge_neurons': 1, 'DropoutGNN': 0.011162477260174525, 'momentumBatchNorm': 0.43456637756025374, 'nSharedLayers': 2, 'nTargetSpecificLayers': 2, 'n_shared_0': 138, 'n_shared_1': 4, 'n_target_0': 121, 'n_target_1': 220, 'DropoutShared_0': 0.14611824646793048, 'DropoutShared_1': 0.017278029104493664, 'DropoutTarget_0': 0.37837020450209774, 'DropoutTarget_1': 0.3304137261313659, 'learningRate': 0.00020276546921075436, 'w1': 2.4034337303336635, 'w2': 4.403906782041176, 'w3': 2.773146395802647, 'w4': 1.0800379828554525, 'w5': 5.902441640800122}. Best is trial 14 with value: 0.33003648826054166.
2026-04-23 20:25:17,919 - INFO - Starting trial 16
2026-04-23 21:29:16,004 - INFO - Study saved to /lustre/scratch-global/cib/abiel/AMES_FINAL/optuna/study_20260423.pkl
[I 2026-04-23 21:29:16,029] Trial 16 finished with value: 0.3775638834919248 and parameters: {'nGraphConvolutionalLayers': 3, 'n_node_neurons': 146, 'n_edge_neurons': 45, 'DropoutGNN': 0.09499884626420736, 'momentumBatchNorm': 0.24266220625022608, 'nSharedLayers': 3, 'nTargetSpecificLayers': 2, 'n_shared_0': 119, 'n_shared_1': 23, 'n_shared_2': 293, 'n_target_0': 45, 'n_target_1': 227, 'DropoutShared_0': 0.05537119526233264, 'DropoutShared_1': 0.03449981030625773, 'DropoutShared_2': 0.4963036896989766, 'DropoutTarget_0': 0.3877935415857284, 'DropoutTarget_1': 0.2240757182528516, 'learningRate': 0.00017969600754991268, 'w1': 3.871716996874018, 'w2': 3.2484333403191767, 'w3': 3.940567671322765, 'w4': 1.8790547652015048, 'w5': 4.480538232911816}. Best is trial 14 with value: 0.33003648826054166.
2026-04-23 21:29:16,031 - INFO - Starting trial 17
[I 2026-04-23 22:34:08,509] Trial 17 pruned. 
2026-04-23 22:34:08,511 - INFO - Starting trial 18
[I 2026-04-23 23:39:07,513] Trial 18 pruned. 
2026-04-23 23:39:07,523 - INFO - Starting trial 19
2026-04-24 00:42:22,360 - INFO - Study saved to /lustre/scratch-global/cib/abiel/AMES_FINAL/optuna/study_20260423.pkl
[I 2026-04-24 00:42:22,446] Trial 19 finished with value: 0.3835390279974256 and parameters: {'nGraphConvolutionalLayers': 2, 'n_node_neurons': 116, 'n_edge_neurons': 148, 'DropoutGNN': 0.1424299579045656, 'momentumBatchNorm': 0.4848076830350552, 'nSharedLayers': 3, 'nTargetSpecificLayers': 2, 'n_shared_0': 179, 'n_shared_1': 39, 'n_shared_2': 19, 'n_target_0': 40, 'n_target_1': 257, 'DropoutShared_0': 0.11369704769615153, 'DropoutShared_1': 0.3557836281597654, 'DropoutShared_2': 0.1738164544114042, 'DropoutTarget_0': 0.30086548703569915, 'DropoutTarget_1': 0.14417999981883883, 'learningRate': 0.0003088973969332593, 'w1': 2.496147189283427, 'w2': 4.204454551281215, 'w3': 1.9475049554792911, 'w4': 1.3412694928435411, 'w5': 2.9125637461639}. Best is trial 14 with value: 0.33003648826054166.
2026-04-24 00:42:22,447 - INFO - Starting trial 20
2026-04-24 01:47:08,270 - INFO - Study saved to /lustre/scratch-global/cib/abiel/AMES_FINAL/optuna/study_20260423.pkl
[I 2026-04-24 01:47:08,274] Trial 20 finished with value: 0.43354328291756766 and parameters: {'nGraphConvolutionalLayers': 3, 'n_node_neurons': 172, 'n_edge_neurons': 59, 'DropoutGNN': 0.229504717824584, 'momentumBatchNorm': 0.3231684668946374, 'nSharedLayers': 1, 'nTargetSpecificLayers': 3, 'n_shared_0': 117, 'n_target_0': 120, 'n_target_1': 192, 'n_target_2': 14, 'DropoutShared_0': 0.01888549313918754, 'DropoutTarget_0': 0.42015356314805136, 'DropoutTarget_1': 0.29134663603375843, 'DropoutTarget_2': 0.2437804428140682, 'learningRate': 3.645317336124926e-05, 'w1': 5.95333406572737, 'w2': 5.076204055949871, 'w3': 2.6417697682692123, 'w4': 2.2631870535774627, 'w5': 5.158157551001442}. Best is trial 14 with value: 0.33003648826054166.
2026-04-24 01:47:08,274 - INFO - Starting trial 21
2026-04-24 02:49:51,440 - INFO - Study saved to /lustre/scratch-global/cib/abiel/AMES_FINAL/optuna/study_20260423.pkl
[I 2026-04-24 02:49:51,488] Trial 21 finished with value: 0.37111915758677894 and parameters: {'nGraphConvolutionalLayers': 2, 'n_node_neurons': 269, 'n_edge_neurons': 25, 'DropoutGNN': 0.0195067416517233, 'momentumBatchNorm': 0.36549000062266823, 'nSharedLayers': 1, 'nTargetSpecificLayers': 2, 'n_shared_0': 102, 'n_target_0': 2, 'n_target_1': 273, 'DropoutShared_0': 0.16569470312713644, 'DropoutTarget_0': 0.49808146239670725, 'DropoutTarget_1': 0.3777710784934345, 'learningRate': 8.194730325156287e-05, 'w1': 2.801073829611445, 'w2': 4.60331114531475, 'w3': 2.3342400611434297, 'w4': 1.0333208430506953, 'w5': 5.949333074627435}. Best is trial 14 with value: 0.33003648826054166.
2026-04-24 02:49:51,490 - INFO - Starting trial 22
2026-04-24 03:52:41,318 - INFO - Study saved to /lustre/scratch-global/cib/abiel/AMES_FINAL/optuna/study_20260423.pkl
[I 2026-04-24 03:52:41,320] Trial 22 finished with value: 0.35177238277026585 and parameters: {'nGraphConvolutionalLayers': 2, 'n_node_neurons': 223, 'n_edge_neurons': 81, 'DropoutGNN': 0.01114368109536261, 'momentumBatchNorm': 0.4863345708739794, 'nSharedLayers': 1, 'nTargetSpecificLayers': 2, 'n_shared_0': 72, 'n_target_0': 30, 'n_target_1': 254, 'DropoutShared_0': 0.10651210301561936, 'DropoutTarget_0': 0.33583083026465355, 'DropoutTarget_1': 0.2726648836149587, 'learningRate': 9.947234817555359e-05, 'w1': 3.2503134011647266, 'w2': 4.129230981368307, 'w3': 2.4294029521357707, 'w4': 1.5000353308835501, 'w5': 5.992423936759751}. Best is trial 14 with value: 0.33003648826054166.
2026-04-24 03:52:41,321 - INFO - Starting trial 23
2026-04-24 04:56:25,440 - INFO - Study saved to /lustre/scratch-global/cib/abiel/AMES_FINAL/optuna/study_20260423.pkl
[I 2026-04-24 04:56:25,549] Trial 23 finished with value: 0.4306871266875948 and parameters: {'nGraphConvolutionalLayers': 3, 'n_node_neurons': 224, 'n_edge_neurons': 60, 'DropoutGNN': 0.10995276024229025, 'momentumBatchNorm': 0.5099824013199569, 'nSharedLayers': 2, 'nTargetSpecificLayers': 2, 'n_shared_0': 49, 'n_shared_1': 108, 'n_target_0': 34, 'n_target_1': 212, 'DropoutShared_0': 0.09673673553119225, 'DropoutShared_1': 0.06355924175433791, 'DropoutTarget_0': 0.3341907794076923, 'DropoutTarget_1': 0.2560574654656287, 'learningRate': 0.00046085791979813974, 'w1': 3.5332721002607594, 'w2': 4.062398813002011, 'w3': 3.026674476193734, 'w4': 1.573893170954075, 'w5': 5.414853141969138}. Best is trial 14 with value: 0.33003648826054166.
2026-04-24 04:56:25,551 - INFO - Starting trial 24
2026-04-24 05:59:19,055 - INFO - Study saved to /lustre/scratch-global/cib/abiel/AMES_FINAL/optuna/study_20260423.pkl
[I 2026-04-24 05:59:19,058] Trial 24 finished with value: 0.35321660424981804 and parameters: {'nGraphConvolutionalLayers': 2, 'n_node_neurons': 170, 'n_edge_neurons': 16, 'DropoutGNN': 0.04540438907277043, 'momentumBatchNorm': 0.669858855069888, 'nSharedLayers': 1, 'nTargetSpecificLayers': 2, 'n_shared_0': 111, 'n_target_0': 61, 'n_target_1': 254, 'DropoutShared_0': 0.06566917470872416, 'DropoutTarget_0': 0.4252747111282862, 'DropoutTarget_1': 0.15856824268427538, 'learningRate': 0.00014855401413934783, 'w1': 4.460038196538522, 'w2': 3.3803430102888132, 'w3': 1.4263442308775007, 'w4': 2.1371382993491532, 'w5': 5.96169232315922}. Best is trial 14 with value: 0.33003648826054166.
2026-04-24 05:59:19,058 - INFO - Starting trial 25
2026-04-24 07:03:47,276 - INFO - Study saved to /lustre/scratch-global/cib/abiel/AMES_FINAL/optuna/study_20260423.pkl
[I 2026-04-24 07:03:47,320] Trial 25 finished with value: 0.3994281041622162 and parameters: {'nGraphConvolutionalLayers': 4, 'n_node_neurons': 256, 'n_edge_neurons': 72, 'DropoutGNN': 0.05233853180393385, 'momentumBatchNorm': 0.8425962086480148, 'nSharedLayers': 2, 'nTargetSpecificLayers': 2, 'n_shared_0': 151, 'n_shared_1': 182, 'n_target_0': 27, 'n_target_1': 148, 'DropoutShared_0': 0.20740617314209808, 'DropoutShared_1': 0.19708769412311425, 'DropoutTarget_0': 0.32728594498006675, 'DropoutTarget_1': 0.26265779206304174, 'learningRate': 3.302255429708407e-05, 'w1': 2.185203827887161, 'w2': 5.620236551516488, 'w3': 2.427191649989797, 'w4': 1.4881179335070926, 'w5': 4.314088258382607}. Best is trial 14 with value: 0.33003648826054166.
2026-04-24 07:03:47,321 - INFO - Starting trial 26
[I 2026-04-24 08:07:39,951] Trial 26 pruned. 
2026-04-24 08:07:39,952 - INFO - Starting trial 27
[I 2026-04-24 09:09:38,037] Trial 27 pruned. 
2026-04-24 09:09:38,089 - INFO - Starting trial 28
[I 2026-04-24 10:13:34,741] Trial 28 pruned. 
2026-04-24 10:13:34,742 - INFO - Starting trial 29
[I 2026-04-24 11:16:02,408] Trial 29 pruned. 
2026-04-24 11:16:02,452 - INFO - Starting trial 30
[I 2026-04-24 12:19:36,418] Trial 30 pruned. 
2026-04-24 12:19:36,420 - INFO - Starting trial 31
2026-04-24 13:22:37,518 - INFO - Study saved to /lustre/scratch-global/cib/abiel/AMES_FINAL/optuna/study_20260423.pkl
[I 2026-04-24 13:22:37,582] Trial 31 finished with value: 0.3541120530877794 and parameters: {'nGraphConvolutionalLayers': 2, 'n_node_neurons': 173, 'n_edge_neurons': 13, 'DropoutGNN': 0.04165499235578232, 'momentumBatchNorm': 0.648121796786942, 'nSharedLayers': 1, 'nTargetSpecificLayers': 2, 'n_shared_0': 107, 'n_target_0': 59, 'n_target_1': 247, 'DropoutShared_0': 0.08094573910158986, 'DropoutTarget_0': 0.4429345691555206, 'DropoutTarget_1': 0.022835663368880654, 'learningRate': 0.00013818280482951945, 'w1': 4.302910992010624, 'w2': 3.4614095867788004, 'w3': 1.4128578648175496, 'w4': 2.1386314639884896, 'w5': 5.998902602492289}. Best is trial 14 with value: 0.33003648826054166.
2026-04-24 13:22:37,595 - INFO - Starting trial 32
2026-04-24 14:25:27,695 - INFO - Study saved to /lustre/scratch-global/cib/abiel/AMES_FINAL/optuna/study_20260423.pkl
[I 2026-04-24 14:25:27,698] Trial 32 finished with value: 0.4006688170773642 and parameters: {'nGraphConvolutionalLayers': 2, 'n_node_neurons': 208, 'n_edge_neurons': 19, 'DropoutGNN': 0.07427431267588412, 'momentumBatchNorm': 0.6666655717239939, 'nSharedLayers': 1, 'nTargetSpecificLayers': 2, 'n_shared_0': 126, 'n_target_0': 23, 'n_target_1': 230, 'DropoutShared_0': 0.11829062392132413, 'DropoutTarget_0': 0.4436293824187644, 'DropoutTarget_1': 0.180389081842903, 'learningRate': 0.00034592887057363744, 'w1': 4.8149954045498955, 'w2': 3.0842638470467083, 'w3': 1.6549546796947485, 'w4': 1.0384030772927884, 'w5': 5.616941474053196}. Best is trial 14 with value: 0.33003648826054166.
2026-04-24 14:25:27,699 - INFO - Starting trial 33
[I 2026-04-24 15:27:33,218] Trial 33 pruned. 
2026-04-24 15:27:33,257 - INFO - Starting trial 34
2026-04-24 16:28:58,066 - INFO - Study saved to /lustre/scratch-global/cib/abiel/AMES_FINAL/optuna/study_20260423.pkl
[I 2026-04-24 16:28:58,091] Trial 34 finished with value: 0.35244581358773364 and parameters: {'nGraphConvolutionalLayers': 2, 'n_node_neurons': 185, 'n_edge_neurons': 75, 'DropoutGNN': 0.03401856536061392, 'momentumBatchNorm': 0.5930607811525486, 'nSharedLayers': 1, 'nTargetSpecificLayers': 1, 'n_shared_0': 163, 'n_target_0': 78, 'DropoutShared_0': 0.035517514898524255, 'DropoutTarget_0': 0.34714790168788145, 'learningRate': 0.00011794175962368083, 'w1': 4.2042465030455665, 'w2': 4.004024174538092, 'w3': 1.413629006023014, 'w4': 2.0992721278029185, 'w5': 4.782638230046036}. Best is trial 14 with value: 0.33003648826054166.
2026-04-24 16:28:58,092 - INFO - Starting trial 35
[I 2026-04-24 17:31:27,946] Trial 35 pruned. 
2026-04-24 17:31:27,948 - INFO - Starting trial 36
2026-04-24 18:35:09,863 - INFO - Study saved to /lustre/scratch-global/cib/abiel/AMES_FINAL/optuna/study_20260423.pkl
[I 2026-04-24 18:35:09,935] Trial 36 finished with value: 0.357373942221914 and parameters: {'nGraphConvolutionalLayers': 4, 'n_node_neurons': 255, 'n_edge_neurons': 69, 'DropoutGNN': 0.07917065416993367, 'momentumBatchNorm': 0.36325501724520626, 'nSharedLayers': 2, 'nTargetSpecificLayers': 1, 'n_shared_0': 210, 'n_shared_1': 47, 'n_target_0': 80, 'DropoutShared_0': 0.10124475668860655, 'DropoutShared_1': 0.2972688407946086, 'DropoutTarget_0': 0.35249731593549555, 'learningRate': 5.937999710006398e-05, 'w1': 4.143147052999037, 'w2': 4.615013668657532, 'w3': 2.5462453280199213, 'w4': 1.3309849458677128, 'w5': 5.637913742997746}. Best is trial 14 with value: 0.33003648826054166.
2026-04-24 18:35:09,938 - INFO - Starting trial 37
[I 2026-04-24 19:37:03,621] Trial 37 pruned. 
2026-04-24 19:37:03,622 - INFO - Starting trial 38
2026-04-24 20:42:12,467 - INFO - Study saved to /lustre/scratch-global/cib/abiel/AMES_FINAL/optuna/study_20260423.pkl
[I 2026-04-24 20:42:12,571] Trial 38 finished with value: 0.38460814671857013 and parameters: {'nGraphConvolutionalLayers': 3, 'n_node_neurons': 213, 'n_edge_neurons': 92, 'DropoutGNN': 0.0003985818719547587, 'momentumBatchNorm': 0.3080010069477229, 'nSharedLayers': 1, 'nTargetSpecificLayers': 3, 'n_shared_0': 131, 'n_target_0': 154, 'n_target_1': 4, 'n_target_2': 140, 'DropoutShared_0': 0.0003898060410999285, 'DropoutTarget_0': 0.23364017938540357, 'DropoutTarget_1': 0.42688950527991576, 'DropoutTarget_2': 0.21780083553194698, 'learningRate': 4.2685078578547324e-05, 'w1': 3.370072682169263, 'w2': 4.3948915959603285, 'w3': 2.267645400917326, 'w4': 3.395102007915555, 'w5': 5.2924666479422084}. Best is trial 14 with value: 0.33003648826054166.
2026-04-24 20:42:12,574 - INFO - Starting trial 39
[I 2026-04-24 21:45:49,861] Trial 39 pruned. 
2026-04-24 21:45:49,862 - INFO - Starting trial 40
[I 2026-04-24 22:47:42,274] Trial 40 pruned. 
2026-04-24 22:47:42,284 - INFO - Starting trial 41
2026-04-24 23:49:31,279 - INFO - Study saved to /lustre/scratch-global/cib/abiel/AMES_FINAL/optuna/study_20260423.pkl
[I 2026-04-24 23:49:31,315] Trial 41 finished with value: 0.35265767097473144 and parameters: {'nGraphConvolutionalLayers': 2, 'n_node_neurons': 180, 'n_edge_neurons': 4, 'DropoutGNN': 0.06220134299952925, 'momentumBatchNorm': 0.811561864348966, 'nSharedLayers': 1, 'nTargetSpecificLayers': 2, 'n_shared_0': 77, 'n_target_0': 70, 'n_target_1': 200, 'DropoutShared_0': 0.06129378630072851, 'DropoutTarget_0': 0.44739311657015823, 'DropoutTarget_1': 0.07575122831312503, 'learningRate': 0.00012871198179004447, 'w1': 4.463999265951625, 'w2': 3.380316755826766, 'w3': 1.4300441818482181, 'w4': 2.164244863031581, 'w5': 5.711629235253371}. Best is trial 14 with value: 0.33003648826054166.
2026-04-24 23:49:31,316 - INFO - Starting trial 42
2026-04-25 00:52:31,268 - INFO - Study saved to /lustre/scratch-global/cib/abiel/AMES_FINAL/optuna/study_20260423.pkl
[I 2026-04-25 00:52:31,280] Trial 42 finished with value: 0.37572245759623396 and parameters: {'nGraphConvolutionalLayers': 2, 'n_node_neurons': 187, 'n_edge_neurons': 1, 'DropoutGNN': 0.0683089970356407, 'momentumBatchNorm': 0.8954590149422684, 'nSharedLayers': 1, 'nTargetSpecificLayers': 2, 'n_shared_0': 77, 'n_target_0': 35, 'n_target_1': 202, 'DropoutShared_0': 0.034520776015508486, 'DropoutTarget_0': 0.45812586279519935, 'DropoutTarget_1': 0.07876788896624362, 'learningRate': 0.00010514813711955508, 'w1': 4.700566492420856, 'w2': 3.814473284020849, 'w3': 1.9653580168063818, 'w4': 1.2689931706752162, 'w5': 5.407845398303639}. Best is trial 14 with value: 0.33003648826054166.
2026-04-25 00:52:31,280 - INFO - Starting trial 43
[I 2026-04-25 01:56:14,933] Trial 43 pruned. 
2026-04-25 01:56:14,965 - INFO - Starting trial 44
[I 2026-04-25 02:57:44,600] Trial 44 pruned. 
2026-04-25 02:57:44,602 - INFO - Starting trial 45
[I 2026-04-25 04:00:14,041] Trial 45 pruned. 
2026-04-25 04:00:14,067 - INFO - Starting trial 46
2026-04-25 05:01:36,561 - INFO - Study saved to /lustre/scratch-global/cib/abiel/AMES_FINAL/optuna/study_20260423.pkl
[I 2026-04-25 05:01:36,564] Trial 46 finished with value: 0.38277915290423803 and parameters: {'nGraphConvolutionalLayers': 2, 'n_node_neurons': 200, 'n_edge_neurons': 72, 'DropoutGNN': 0.3562214905394414, 'momentumBatchNorm': 0.42453704804835224, 'nSharedLayers': 2, 'nTargetSpecificLayers': 2, 'n_shared_0': 167, 'n_shared_1': 223, 'n_target_0': 140, 'n_target_1': 161, 'DropoutShared_0': 0.1765625100844732, 'DropoutShared_1': 0.2456906031803874, 'DropoutTarget_0': 0.2820320277358992, 'DropoutTarget_1': 0.007254564717400297, 'learningRate': 0.00010272100015470465, 'w1': 3.6570012835240178, 'w2': 4.014274155363173, 'w3': 1.5403739396369232, 'w4': 4.943341786435874, 'w5': 5.777042890942659}. Best is trial 14 with value: 0.33003648826054166.
2026-04-25 05:01:36,565 - INFO - Starting trial 47
[I 2026-04-25 05:54:59,086] Trial 47 pruned. 
2026-04-25 05:54:59,087 - INFO - Starting trial 48
2026-04-25 06:55:03,095 - INFO - Study saved to /lustre/scratch-global/cib/abiel/AMES_FINAL/optuna/study_20260423.pkl
[I 2026-04-25 06:55:03,103] Trial 48 finished with value: 0.37594287506171636 and parameters: {'nGraphConvolutionalLayers': 3, 'n_node_neurons': 241, 'n_edge_neurons': 101, 'DropoutGNN': 0.09603021509264134, 'momentumBatchNorm': 0.3648267067021395, 'nSharedLayers': 3, 'nTargetSpecificLayers': 2, 'n_shared_0': 64, 'n_shared_1': 103, 'n_shared_2': 95, 'n_target_0': 15, 'n_target_1': 180, 'DropoutShared_0': 0.22463756185963896, 'DropoutShared_1': 0.0005049640984468654, 'DropoutShared_2': 0.2497906693422842, 'DropoutTarget_0': 0.4522377696370116, 'DropoutTarget_1': 0.27061875547361547, 'learningRate': 0.0001101013776018593, 'w1': 4.583237163427789, 'w2': 5.811470662526766, 'w3': 2.190417525846874, 'w4': 1.1556421484946604, 'w5': 3.801813080300898}. Best is trial 14 with value: 0.33003648826054166.
2026-04-25 06:55:03,103 - INFO - Starting trial 49
[I 2026-04-25 07:56:21,424] Trial 49 pruned. 
2026-04-25 07:56:21,445 - INFO - Starting trial 50
[I 2026-04-25 08:58:56,046] Trial 50 pruned. 
2026-04-25 08:58:56,047 - INFO - Starting trial 51
2026-04-25 10:00:31,336 - INFO - Study saved to /lustre/scratch-global/cib/abiel/AMES_FINAL/optuna/study_20260423.pkl
[I 2026-04-25 10:00:31,397] Trial 51 finished with value: 0.37490437592778886 and parameters: {'nGraphConvolutionalLayers': 2, 'n_node_neurons': 141, 'n_edge_neurons': 20, 'DropoutGNN': 0.4674883961062188, 'momentumBatchNorm': 0.6787485144720504, 'nSharedLayers': 1, 'nTargetSpecificLayers': 2, 'n_shared_0': 117, 'n_target_0': 61, 'n_target_1': 244, 'DropoutShared_0': 0.0680163696551565, 'DropoutTarget_0': 0.41819911735964227, 'DropoutTarget_1': 0.08962616765820097, 'learningRate': 0.00015029354961816103, 'w1': 5.471909548550954, 'w2': 3.481608906765206, 'w3': 1.3303087987154552, 'w4': 2.079667673278473, 'w5': 5.842454897222545}. Best is trial 14 with value: 0.33003648826054166.
2026-04-25 10:00:31,399 - INFO - Starting trial 52
2026-04-25 11:02:01,679 - INFO - Study saved to /lustre/scratch-global/cib/abiel/AMES_FINAL/optuna/study_20260423.pkl
[I 2026-04-25 11:02:01,683] Trial 52 finished with value: 0.3663345979792731 and parameters: {'nGraphConvolutionalLayers': 2, 'n_node_neurons': 177, 'n_edge_neurons': 10, 'DropoutGNN': 0.042802571102539676, 'momentumBatchNorm': 0.7779767599640507, 'nSharedLayers': 1, 'nTargetSpecificLayers': 2, 'n_shared_0': 111, 'n_target_0': 47, 'n_target_1': 267, 'DropoutShared_0': 0.021024680392893028, 'DropoutTarget_0': 0.43369582845247506, 'DropoutTarget_1': 0.03639734561265731, 'learningRate': 7.415878422681168e-05, 'w1': 4.504135516326703, 'w2': 3.410367212932245, 'w3': 1.7680863092833017, 'w4': 2.254341438463823, 'w5': 5.6215701103145905}. Best is trial 14 with value: 0.33003648826054166.
2026-04-25 11:02:01,683 - INFO - Starting trial 53
[I 2026-04-25 13:38:01,585] Trial 53 pruned. 
2026-04-25 13:38:01,737 - INFO - Starting trial 54
[I 2026-04-25 14:39:25,666] Trial 54 pruned. 
2026-04-25 14:39:25,667 - INFO - Starting trial 55
2026-04-25 15:41:51,274 - INFO - Study saved to /lustre/scratch-global/cib/abiel/AMES_FINAL/optuna/study_20260423.pkl
[I 2026-04-25 15:41:51,309] Trial 55 finished with value: 0.36596842825412745 and parameters: {'nGraphConvolutionalLayers': 3, 'n_node_neurons': 14, 'n_edge_neurons': 50, 'DropoutGNN': 0.01717794207261939, 'momentumBatchNorm': 0.40392218400577856, 'nSharedLayers': 2, 'nTargetSpecificLayers': 2, 'n_shared_0': 189, 'n_shared_1': 49, 'n_target_0': 84, 'n_target_1': 233, 'DropoutShared_0': 0.13696819067144278, 'DropoutShared_1': 0.34402776154280407, 'DropoutTarget_0': 0.33876770289586855, 'DropoutTarget_1': 0.3095282171500402, 'learningRate': 0.0005576920709165035, 'w1': 2.2854816900133574, 'w2': 1.0891332489777676, 'w3': 2.1196414514739117, 'w4': 1.0014655227689706, 'w5': 5.827166724998254}. Best is trial 14 with value: 0.33003648826054166.
2026-04-25 15:41:51,312 - INFO - Starting trial 56
[I 2026-04-25 16:42:43,937] Trial 56 pruned. 
2026-04-25 16:42:43,938 - INFO - Starting trial 57
2026-04-25 17:45:06,370 - INFO - Study saved to /lustre/scratch-global/cib/abiel/AMES_FINAL/optuna/study_20260423.pkl
[I 2026-04-25 17:45:06,410] Trial 57 finished with value: 0.3462604435001101 and parameters: {'nGraphConvolutionalLayers': 3, 'n_node_neurons': 206, 'n_edge_neurons': 23, 'DropoutGNN': 0.27652549299604684, 'momentumBatchNorm': 0.4766652705959925, 'nSharedLayers': 1, 'nTargetSpecificLayers': 2, 'n_shared_0': 83, 'n_target_0': 53, 'n_target_1': 212, 'DropoutShared_0': 0.1165724673484307, 'DropoutTarget_0': 0.42734146550417657, 'DropoutTarget_1': 0.24036206791661394, 'learningRate': 5.908914329021111e-05, 'w1': 4.987480781191716, 'w2': 5.217160606770259, 'w3': 1.0183543007501732, 'w4': 2.368961058164824, 'w5': 4.684904185889918}. Best is trial 14 with value: 0.33003648826054166.
2026-04-25 17:45:06,413 - INFO - Starting trial 58
2026-04-25 18:46:56,297 - INFO - Study saved to /lustre/scratch-global/cib/abiel/AMES_FINAL/optuna/study_20260423.pkl
[I 2026-04-25 18:46:56,299] Trial 58 finished with value: 0.3551336792537144 and parameters: {'nGraphConvolutionalLayers': 3, 'n_node_neurons': 203, 'n_edge_neurons': 24, 'DropoutGNN': 0.2865265731056878, 'momentumBatchNorm': 0.33404495223051733, 'nSharedLayers': 2, 'nTargetSpecificLayers': 2, 'n_shared_0': 90, 'n_shared_1': 163, 'n_target_0': 52, 'n_target_1': 215, 'DropoutShared_0': 0.11577488963425936, 'DropoutShared_1': 0.16817671103430337, 'DropoutTarget_0': 0.06805113899702561, 'DropoutTarget_1': 0.22876180960513187, 'learningRate': 4.961509960378152e-05, 'w1': 5.129869541500546, 'w2': 5.174444153758512, 'w3': 1.1527857046898617, 'w4': 3.1120581434287677, 'w5': 4.348054337758981}. Best is trial 14 with value: 0.33003648826054166.
2026-04-25 18:46:56,300 - INFO - Starting trial 59
[I 2026-04-25 19:45:02,734] Trial 59 pruned. 
2026-04-25 19:45:02,759 - INFO - Starting trial 60
[I 2026-04-25 20:48:39,736] Trial 60 pruned. 
2026-04-25 20:48:39,737 - INFO - Starting trial 61
2026-04-25 21:50:59,957 - INFO - Study saved to /lustre/scratch-global/cib/abiel/AMES_FINAL/optuna/study_20260423.pkl
[I 2026-04-25 21:51:00,040] Trial 61 finished with value: 0.35243143839495517 and parameters: {'nGraphConvolutionalLayers': 3, 'n_node_neurons': 141, 'n_edge_neurons': 19, 'DropoutGNN': 0.2529990858908852, 'momentumBatchNorm': 0.5294043051070066, 'nSharedLayers': 1, 'nTargetSpecificLayers': 2, 'n_shared_0': 64, 'n_target_0': 94, 'n_target_1': 188, 'DropoutShared_0': 0.07003312271062255, 'DropoutTarget_0': 0.4316867531590144, 'DropoutTarget_1': 0.2766536680557369, 'learningRate': 0.00011993941725035223, 'w1': 4.412024672728038, 'w2': 4.519988998500306, 'w3': 1.6231858976612412, 'w4': 2.054511949519767, 'w5': 5.366247158451287}. Best is trial 14 with value: 0.33003648826054166.
2026-04-25 21:51:00,043 - INFO - Starting trial 62
2026-04-25 22:52:46,908 - INFO - Study saved to /lustre/scratch-global/cib/abiel/AMES_FINAL/optuna/study_20260423.pkl
[I 2026-04-25 22:52:46,910] Trial 62 finished with value: 0.3597696982962744 and parameters: {'nGraphConvolutionalLayers': 3, 'n_node_neurons': 46, 'n_edge_neurons': 58, 'DropoutGNN': 0.24192446275832927, 'momentumBatchNorm': 0.46328848018049157, 'nSharedLayers': 1, 'nTargetSpecificLayers': 2, 'n_shared_0': 65, 'n_target_0': 40, 'n_target_1': 188, 'DropoutShared_0': 0.07851818438861655, 'DropoutTarget_0': 0.41166339053105905, 'DropoutTarget_1': 0.2745539239253433, 'learningRate': 0.00010782811942471834, 'w1': 4.765100740797396, 'w2': 4.570367080186726, 'w3': 1.1996929097376736, 'w4': 1.9382672646005052, 'w5': 5.3493793626720505}. Best is trial 14 with value: 0.33003648826054166.
2026-04-25 22:52:46,911 - INFO - Starting trial 63
2026-04-25 23:55:01,524 - INFO - Study saved to /lustre/scratch-global/cib/abiel/AMES_FINAL/optuna/study_20260423.pkl
[I 2026-04-25 23:55:01,567] Trial 63 finished with value: 0.3579572535412652 and parameters: {'nGraphConvolutionalLayers': 3, 'n_node_neurons': 180, 'n_edge_neurons': 27, 'DropoutGNN': 0.25929073464799224, 'momentumBatchNorm': 0.39611594009504336, 'nSharedLayers': 1, 'nTargetSpecificLayers': 2, 'n_shared_0': 26, 'n_target_0': 93, 'n_target_1': 146, 'DropoutShared_0': 0.10872465207053382, 'DropoutTarget_0': 0.46730840514023714, 'DropoutTarget_1': 0.31589582019969775, 'learningRate': 7.395749420940547e-05, 'w1': 3.710145043894503, 'w2': 4.79412657941907, 'w3': 1.7572260967999322, 'w4': 1.5313539052268386, 'w5': 5.171843616944782}. Best is trial 14 with value: 0.33003648826054166.
2026-04-25 23:55:01,569 - INFO - Starting trial 64
2026-04-26 00:57:54,112 - INFO - Study saved to /lustre/scratch-global/cib/abiel/AMES_FINAL/optuna/study_20260423.pkl
[I 2026-04-26 00:57:54,114] Trial 64 finished with value: 0.36016008274895805 and parameters: {'nGraphConvolutionalLayers': 4, 'n_node_neurons': 142, 'n_edge_neurons': 4, 'DropoutGNN': 0.25614351186185014, 'momentumBatchNorm': 0.5284472096812216, 'nSharedLayers': 1, 'nTargetSpecificLayers': 2, 'n_shared_0': 85, 'n_target_0': 78, 'n_target_1': 203, 'DropoutShared_0': 0.017549044580323206, 'DropoutTarget_0': 0.38241663825906935, 'DropoutTarget_1': 0.3495642920380565, 'learningRate': 6.486806001132179e-05, 'w1': 4.269232826995529, 'w2': 4.903899889242505, 'w3': 1.3194928010450508, 'w4': 2.196098787403677, 'w5': 4.927839971676259}. Best is trial 14 with value: 0.33003648826054166.
2026-04-26 00:57:54,115 - INFO - Starting trial 65
2026-04-26 02:00:26,117 - INFO - Study saved to /lustre/scratch-global/cib/abiel/AMES_FINAL/optuna/study_20260423.pkl
[I 2026-04-26 02:00:26,168] Trial 65 finished with value: 0.3689491719858987 and parameters: {'nGraphConvolutionalLayers': 3, 'n_node_neurons': 104, 'n_edge_neurons': 13, 'DropoutGNN': 0.3209182195797654, 'momentumBatchNorm': 0.42790766961748133, 'nSharedLayers': 1, 'nTargetSpecificLayers': 2, 'n_shared_0': 55, 'n_target_0': 93, 'n_target_1': 182, 'DropoutShared_0': 0.4539598000592061, 'DropoutTarget_0': 0.43713430769822675, 'DropoutTarget_1': 0.24190756588286424, 'learningRate': 0.00013023740440276974, 'w1': 5.36585107007008, 'w2': 4.11420844842195, 'w3': 2.0581272520708502, 'w4': 2.579872528657721, 'w5': 5.518697763896741}. Best is trial 14 with value: 0.33003648826054166.
2026-04-26 02:00:26,170 - INFO - Starting trial 66
[I 2026-04-26 03:02:43,069] Trial 66 pruned. 
2026-04-26 03:02:43,070 - INFO - Starting trial 67
slurmstepd: error: *** JOB 1548344 ON drago32060019 CANCELLED AT 2026-04-26T03:27:46 DUE TO TIME LIMIT ***
