2026-05-18 15:08:41,695 - INFO - Using device: cuda
[I 2026-05-18 15:08:41,700] A new study created in memory with name: no-name-9a3722cf-a9a4-48f5-a147-55adc7cede08
2026-05-18 15:08:41,701 - INFO - Created new Optuna study.
2026-05-18 15:08:41,753 - INFO - Input mode: gnn
2026-05-18 15:11:55,242 - INFO - [train] No NaN graphs found (5485 graphs OK).
2026-05-18 15:12:03,543 - INFO - Seeded first trial with YAML hyperparameters: {'nGraphConvolutionalLayers': 5, 'n_node_neurons': 273, 'n_edge_neurons': 226, 'DropoutGNN': 0.1002, 'momentumBatchNorm': 0.3655, 'nSharedLayers': 1, 'nTargetSpecificLayers': 1, 'learningRate': 6e-05, 'n_shared_0': 176, 'n_target_0': 194, 'DropoutShared_0': 0.3747, 'DropoutTarget_0': 0.1149, 'w1': 4.986, 'w2': 4.482, 'w3': 3.021, 'w4': 1.561, 'w5': 1.525}
2026-05-18 15:12:03,544 - INFO - Starting trial 0
2026-05-18 15:43:19,871 - INFO - Study saved to /lustre/scratch-global/cib/abiel/AMES_FINAL/optuna/study_20260518.pkl
[I 2026-05-18 15:43:19,873] Trial 0 finished with value: 0.3184257245915276 and parameters: {'nGraphConvolutionalLayers': 5, 'n_node_neurons': 273, 'n_edge_neurons': 226, 'DropoutGNN': 0.1002, 'momentumBatchNorm': 0.3655, 'nSharedLayers': 1, 'nTargetSpecificLayers': 1, 'n_shared_0': 176, 'n_target_0': 194, 'DropoutShared_0': 0.3747, 'DropoutTarget_0': 0.1149, 'learningRate': 6e-05, 'w1': 4.986, 'w2': 4.482, 'w3': 3.021, 'w4': 1.561, 'w5': 1.525}. Best is trial 0 with value: 0.3184257245915276.
2026-05-18 15:43:19,873 - INFO - Starting trial 1
2026-05-18 16:10:46,480 - INFO - Study saved to /lustre/scratch-global/cib/abiel/AMES_FINAL/optuna/study_20260518.pkl
[I 2026-05-18 16:10:46,492] Trial 1 finished with value: 0.491344860621861 and parameters: {'nGraphConvolutionalLayers': 1, 'n_node_neurons': 275, 'n_edge_neurons': 297, 'DropoutGNN': 0.09770108294703095, 'momentumBatchNorm': 0.6694872480582237, 'nSharedLayers': 1, 'nTargetSpecificLayers': 1, 'n_shared_0': 54, 'n_target_0': 100, 'DropoutShared_0': 0.2414242689530839, 'DropoutTarget_0': 0.018694114575035226, 'learningRate': 0.0003597753715178062, 'w1': 2.8321261217060543, 'w2': 4.688494883855485, 'w3': 5.391450782435877, 'w4': 2.523002884342916, 'w5': 5.979372529755045}. Best is trial 0 with value: 0.3184257245915276.
2026-05-18 16:10:46,492 - INFO - Starting trial 2
2026-05-18 16:40:37,460 - INFO - Study saved to /lustre/scratch-global/cib/abiel/AMES_FINAL/optuna/study_20260518.pkl
[I 2026-05-18 16:40:37,487] Trial 2 finished with value: 0.6407105386257173 and parameters: {'nGraphConvolutionalLayers': 3, 'n_node_neurons': 154, 'n_edge_neurons': 281, 'DropoutGNN': 0.45698401512502684, 'momentumBatchNorm': 0.7250876416595392, 'nSharedLayers': 2, 'nTargetSpecificLayers': 1, 'n_shared_0': 180, 'n_shared_1': 129, 'n_target_0': 279, 'DropoutShared_0': 0.4870568911916313, 'DropoutShared_1': 0.0647302644132417, 'DropoutTarget_0': 0.27961324055566517, 'learningRate': 0.03091030970776624, 'w1': 3.410872207874013, 'w2': 2.2911809336202125, 'w3': 2.7632033428169294, 'w4': 2.978670299516766, 'w5': 2.0236908727957417}. Best is trial 0 with value: 0.3184257245915276.
2026-05-18 16:40:37,488 - INFO - Starting trial 3
2026-05-18 17:14:22,690 - INFO - Study saved to /lustre/scratch-global/cib/abiel/AMES_FINAL/optuna/study_20260518.pkl
[I 2026-05-18 17:14:22,697] Trial 3 finished with value: 0.6276843777724674 and parameters: {'nGraphConvolutionalLayers': 5, 'n_node_neurons': 197, 'n_edge_neurons': 115, 'DropoutGNN': 0.20809972566997087, 'momentumBatchNorm': 0.17664890491673169, 'nSharedLayers': 1, 'nTargetSpecificLayers': 3, 'n_shared_0': 254, 'n_target_0': 234, 'n_target_1': 264, 'n_target_2': 48, 'DropoutShared_0': 0.42609560311794425, 'DropoutTarget_0': 0.19729238107285402, 'DropoutTarget_1': 0.022916946155928042, 'DropoutTarget_2': 0.09819193386554337, 'learningRate': 0.006863996083260657, 'w1': 1.8926241186442758, 'w2': 1.6358319955429121, 'w3': 5.580608059668709, 'w4': 4.907017604097828, 'w5': 1.4814673569248062}. Best is trial 0 with value: 0.3184257245915276.
2026-05-18 17:14:22,699 - INFO - Starting trial 4
2026-05-18 17:49:30,167 - INFO - Study saved to /lustre/scratch-global/cib/abiel/AMES_FINAL/optuna/study_20260518.pkl
[I 2026-05-18 17:49:30,278] Trial 4 finished with value: 0.5733798011711666 and parameters: {'nGraphConvolutionalLayers': 5, 'n_node_neurons': 267, 'n_edge_neurons': 83, 'DropoutGNN': 0.3147577474590652, 'momentumBatchNorm': 0.9390181221086374, 'nSharedLayers': 3, 'nTargetSpecificLayers': 3, 'n_shared_0': 175, 'n_shared_1': 131, 'n_shared_2': 250, 'n_target_0': 243, 'n_target_1': 143, 'n_target_2': 251, 'DropoutShared_0': 0.13913054450572587, 'DropoutShared_1': 0.013053686893069016, 'DropoutShared_2': 0.16544016911827392, 'DropoutTarget_0': 0.2737508372024056, 'DropoutTarget_1': 0.1771254061727504, 'DropoutTarget_2': 0.01780884806277261, 'learningRate': 0.003764526286733783, 'w1': 2.6801924708552285, 'w2': 3.655152942529486, 'w3': 5.43093477712809, 'w4': 4.780929997424597, 'w5': 1.470182563248089}. Best is trial 0 with value: 0.3184257245915276.
2026-05-18 17:49:30,280 - INFO - Starting trial 5
2026-05-18 18:22:07,726 - INFO - Study saved to /lustre/scratch-global/cib/abiel/AMES_FINAL/optuna/study_20260518.pkl
[I 2026-05-18 18:22:07,729] Trial 5 finished with value: 0.5461104003020696 and parameters: {'nGraphConvolutionalLayers': 3, 'n_node_neurons': 165, 'n_edge_neurons': 220, 'DropoutGNN': 0.36249585851423033, 'momentumBatchNorm': 0.8536978633296275, 'nSharedLayers': 3, 'nTargetSpecificLayers': 3, 'n_shared_0': 281, 'n_shared_1': 298, 'n_shared_2': 245, 'n_target_0': 109, 'n_target_1': 154, 'n_target_2': 120, 'DropoutShared_0': 0.18284275512482417, 'DropoutShared_1': 0.24693964794676987, 'DropoutShared_2': 0.4786457171171132, 'DropoutTarget_0': 0.25726118093553857, 'DropoutTarget_1': 0.2572012931695654, 'DropoutTarget_2': 0.2283087581291987, 'learningRate': 0.02011091743915247, 'w1': 5.911902603961183, 'w2': 4.191122623796841, 'w3': 3.734716210179383, 'w4': 2.2707005649306087, 'w5': 2.2682190296369185}. Best is trial 0 with value: 0.3184257245915276.
2026-05-18 18:22:07,730 - INFO - Starting trial 6
[I 2026-05-18 18:52:43,200] Trial 6 pruned. 
2026-05-18 18:52:43,200 - INFO - Starting trial 7
2026-05-18 19:24:55,676 - INFO - Study saved to /lustre/scratch-global/cib/abiel/AMES_FINAL/optuna/study_20260518.pkl
[I 2026-05-18 19:24:55,704] Trial 7 finished with value: 0.4520734364645822 and parameters: {'nGraphConvolutionalLayers': 4, 'n_node_neurons': 271, 'n_edge_neurons': 50, 'DropoutGNN': 0.42059093608537923, 'momentumBatchNorm': 0.8075800461009246, 'nSharedLayers': 2, 'nTargetSpecificLayers': 2, 'n_shared_0': 229, 'n_shared_1': 86, 'n_target_0': 213, 'n_target_1': 201, 'DropoutShared_0': 0.01766947635651578, 'DropoutShared_1': 0.2722090043625629, 'DropoutTarget_0': 0.45619998210744306, 'DropoutTarget_1': 0.22277184776681952, 'learningRate': 0.00043705194442226455, 'w1': 4.127370833869428, 'w2': 2.9981661332158147, 'w3': 1.8991075850238768, 'w4': 3.985010831161292, 'w5': 1.982850068526997}. Best is trial 0 with value: 0.3184257245915276.
2026-05-18 19:24:55,706 - INFO - Starting trial 8
[I 2026-05-18 19:59:04,246] Trial 8 pruned. 
2026-05-18 19:59:04,273 - INFO - Starting trial 9
2026-05-18 20:30:57,905 - INFO - Study saved to /lustre/scratch-global/cib/abiel/AMES_FINAL/optuna/study_20260518.pkl
[I 2026-05-18 20:30:57,923] Trial 9 finished with value: 0.5376127472945622 and parameters: {'nGraphConvolutionalLayers': 2, 'n_node_neurons': 159, 'n_edge_neurons': 6, 'DropoutGNN': 0.0829691503973623, 'momentumBatchNorm': 0.40443926761445315, 'nSharedLayers': 4, 'nTargetSpecificLayers': 3, 'n_shared_0': 72, 'n_shared_1': 188, 'n_shared_2': 190, 'n_shared_3': 4, 'n_target_0': 49, 'n_target_1': 206, 'n_target_2': 281, 'DropoutShared_0': 0.30552393340692374, 'DropoutShared_1': 0.19661773086466694, 'DropoutShared_2': 0.2969705647106127, 'DropoutShared_3': 0.22833871192730243, 'DropoutTarget_0': 0.17546802577021653, 'DropoutTarget_1': 0.4260654804345264, 'DropoutTarget_2': 0.4726283148207639, 'learningRate': 0.019615705580503958, 'w1': 4.77837614437504, 'w2': 2.171527169390016, 'w3': 1.6708381124438956, 'w4': 2.2690308888805504, 'w5': 2.7453117594322176}. Best is trial 0 with value: 0.3184257245915276.
2026-05-18 20:30:57,924 - INFO - Starting trial 10
2026-05-18 21:01:08,342 - INFO - Study saved to /lustre/scratch-global/cib/abiel/AMES_FINAL/optuna/study_20260518.pkl
[I 2026-05-18 21:01:08,344] Trial 10 finished with value: 0.464875146150589 and parameters: {'nGraphConvolutionalLayers': 4, 'n_node_neurons': 52, 'n_edge_neurons': 179, 'DropoutGNN': 0.006877861279041858, 'momentumBatchNorm': 0.45535256260977564, 'nSharedLayers': 1, 'nTargetSpecificLayers': 1, 'n_shared_0': 122, 'n_target_0': 8, 'DropoutShared_0': 0.38667181193966776, 'DropoutTarget_0': 0.12036944848470418, 'learningRate': 2.1461491742718027e-05, 'w1': 5.763919320804529, 'w2': 5.8847016051903696, 'w3': 4.1502862730229495, 'w4': 1.202674260860214, 'w5': 3.6679152746602925}. Best is trial 0 with value: 0.3184257245915276.
2026-05-18 21:01:08,344 - INFO - Starting trial 11
[I 2026-05-18 21:32:35,043] Trial 11 pruned. 
2026-05-18 21:32:35,044 - INFO - Starting trial 12
2026-05-18 22:05:56,095 - INFO - Study saved to /lustre/scratch-global/cib/abiel/AMES_FINAL/optuna/study_20260518.pkl
[I 2026-05-18 22:05:56,158] Trial 12 finished with value: 0.3794555182116372 and parameters: {'nGraphConvolutionalLayers': 5, 'n_node_neurons': 297, 'n_edge_neurons': 2, 'DropoutGNN': 0.3797623121055478, 'momentumBatchNorm': 0.6253277269289317, 'nSharedLayers': 2, 'nTargetSpecificLayers': 2, 'n_shared_0': 127, 'n_shared_1': 2, 'n_target_0': 189, 'n_target_1': 76, 'DropoutShared_0': 0.033042653013883816, 'DropoutShared_1': 0.3483444321870923, 'DropoutTarget_0': 0.45465545362078075, 'DropoutTarget_1': 0.08514630241409593, 'learningRate': 0.00010565050954504912, 'w1': 4.2157659887896966, 'w2': 2.700552833714862, 'w3': 2.1676171181332333, 'w4': 1.2121559243464004, 'w5': 1.1405293230728495}. Best is trial 0 with value: 0.3184257245915276.
2026-05-18 22:05:56,160 - INFO - Starting trial 13
2026-05-18 22:40:12,666 - INFO - Study saved to /lustre/scratch-global/cib/abiel/AMES_FINAL/optuna/study_20260518.pkl
[I 2026-05-18 22:40:12,667] Trial 13 finished with value: 0.3394248487268176 and parameters: {'nGraphConvolutionalLayers': 5, 'n_node_neurons': 221, 'n_edge_neurons': 235, 'DropoutGNN': 0.2981016003141739, 'momentumBatchNorm': 0.5525566804597362, 'nSharedLayers': 1, 'nTargetSpecificLayers': 2, 'n_shared_0': 128, 'n_target_0': 181, 'n_target_1': 53, 'DropoutShared_0': 0.10278761346320804, 'DropoutTarget_0': 0.3699011984980599, 'DropoutTarget_1': 0.01938469731275788, 'learningRate': 7.756986138873183e-05, 'w1': 5.10000670429185, 'w2': 5.592148715735467, 'w3': 2.741571619314727, 'w4': 1.2051431801220824, 'w5': 1.2626299327590518}. Best is trial 0 with value: 0.3184257245915276.
2026-05-18 22:40:12,667 - INFO - Starting trial 14
2026-05-18 23:13:29,961 - INFO - Study saved to /lustre/scratch-global/cib/abiel/AMES_FINAL/optuna/study_20260518.pkl
[I 2026-05-18 23:13:30,035] Trial 14 finished with value: 0.44925056074346814 and parameters: {'nGraphConvolutionalLayers': 5, 'n_node_neurons': 207, 'n_edge_neurons': 242, 'DropoutGNN': 0.268635379122164, 'momentumBatchNorm': 0.3266317805683439, 'nSharedLayers': 1, 'nTargetSpecificLayers': 1, 'n_shared_0': 98, 'n_target_0': 169, 'DropoutShared_0': 0.13134970326933804, 'DropoutTarget_0': 0.36300000087175505, 'learningRate': 1.3735399063374547e-05, 'w1': 5.197450784450977, 'w2': 5.9694182734090875, 'w3': 4.333397838466746, 'w4': 1.712556695821157, 'w5': 4.570618009913942}. Best is trial 0 with value: 0.3184257245915276.
2026-05-18 23:13:30,037 - INFO - Starting trial 15
2026-05-18 23:45:32,253 - INFO - Study saved to /lustre/scratch-global/cib/abiel/AMES_FINAL/optuna/study_20260518.pkl
[I 2026-05-18 23:45:32,265] Trial 15 finished with value: 0.36204638694013863 and parameters: {'nGraphConvolutionalLayers': 3, 'n_node_neurons': 6, 'n_edge_neurons': 255, 'DropoutGNN': 0.1450941812231854, 'momentumBatchNorm': 0.566382448097556, 'nSharedLayers': 1, 'nTargetSpecificLayers': 1, 'n_shared_0': 154, 'n_target_0': 283, 'DropoutShared_0': 0.3161944302518505, 'DropoutTarget_0': 0.35696248795148827, 'learningRate': 5.780043990948618e-05, 'w1': 5.205790376241042, 'w2': 5.136156104702234, 'w3': 2.7237648024177643, 'w4': 1.7639719596368382, 'w5': 1.0647532557719808}. Best is trial 0 with value: 0.3184257245915276.
2026-05-18 23:45:32,265 - INFO - Starting trial 16
[I 2026-05-19 00:19:45,133] Trial 16 pruned. 
2026-05-19 00:19:45,143 - INFO - Starting trial 17
2026-05-19 00:51:00,804 - INFO - Study saved to /lustre/scratch-global/cib/abiel/AMES_FINAL/optuna/study_20260518.pkl
[I 2026-05-19 00:51:00,807] Trial 17 finished with value: 0.36167774839060646 and parameters: {'nGraphConvolutionalLayers': 4, 'n_node_neurons': 120, 'n_edge_neurons': 124, 'DropoutGNN': 0.21437526794728567, 'momentumBatchNorm': 0.5187634061669854, 'nSharedLayers': 3, 'nTargetSpecificLayers': 1, 'n_shared_0': 137, 'n_shared_1': 219, 'n_shared_2': 10, 'n_target_0': 216, 'DropoutShared_0': 0.39119196416452473, 'DropoutShared_1': 0.4416459201156716, 'DropoutShared_2': 0.01709452208479878, 'DropoutTarget_0': 0.10998655940191665, 'learningRate': 0.00013961854608330538, 'w1': 5.22741175188072, 'w2': 5.329538883492043, 'w3': 4.442939750974046, 'w4': 1.7515215888040672, 'w5': 3.5073717318358377}. Best is trial 0 with value: 0.3184257245915276.
2026-05-19 00:51:00,807 - INFO - Starting trial 18
2026-05-19 01:19:58,249 - INFO - Study saved to /lustre/scratch-global/cib/abiel/AMES_FINAL/optuna/study_20260518.pkl
[I 2026-05-19 01:19:58,251] Trial 18 finished with value: 0.43015145616871975 and parameters: {'nGraphConvolutionalLayers': 2, 'n_node_neurons': 226, 'n_edge_neurons': 202, 'DropoutGNN': 0.15053876968370183, 'momentumBatchNorm': 0.21200929371157143, 'nSharedLayers': 2, 'nTargetSpecificLayers': 2, 'n_shared_0': 91, 'n_shared_1': 237, 'n_target_0': 151, 'n_target_1': 85, 'DropoutShared_0': 0.46092741349524813, 'DropoutShared_1': 0.12597905766378792, 'DropoutTarget_0': 0.3953273068192285, 'DropoutTarget_1': 0.12824508156793782, 'learningRate': 1.0804976384253734e-05, 'w1': 4.760567617760547, 'w2': 5.497137798058119, 'w3': 2.2538169397005667, 'w4': 1.0702261435862481, 'w5': 5.97658511161276}. Best is trial 0 with value: 0.3184257245915276.
2026-05-19 01:19:58,251 - INFO - Starting trial 19
2026-05-19 01:50:33,356 - INFO - Study saved to /lustre/scratch-global/cib/abiel/AMES_FINAL/optuna/study_20260518.pkl
[I 2026-05-19 01:50:33,371] Trial 19 finished with value: 0.43139662623405456 and parameters: {'nGraphConvolutionalLayers': 5, 'n_node_neurons': 190, 'n_edge_neurons': 268, 'DropoutGNN': 0.31811336772177207, 'momentumBatchNorm': 0.03058135041012444, 'nSharedLayers': 1, 'nTargetSpecificLayers': 1, 'n_shared_0': 11, 'n_target_0': 259, 'DropoutShared_0': 0.08259882352819058, 'DropoutTarget_0': 0.1995107634849418, 'learningRate': 3.1152432360563505e-05, 'w1': 5.496230131613448, 'w2': 1.0148665358518718, 'w3': 3.3444808111410196, 'w4': 1.823533453576868, 'w5': 2.9728335085699316}. Best is trial 0 with value: 0.3184257245915276.
2026-05-19 01:50:33,372 - INFO - Starting trial 20
2026-05-19 02:20:38,306 - INFO - Study saved to /lustre/scratch-global/cib/abiel/AMES_FINAL/optuna/study_20260518.pkl
[I 2026-05-19 02:20:38,357] Trial 20 finished with value: 0.39321505997862133 and parameters: {'nGraphConvolutionalLayers': 3, 'n_node_neurons': 116, 'n_edge_neurons': 152, 'DropoutGNN': 0.14321342562750392, 'momentumBatchNorm': 0.3829832912130844, 'nSharedLayers': 2, 'nTargetSpecificLayers': 2, 'n_shared_0': 160, 'n_shared_1': 64, 'n_target_0': 207, 'n_target_1': 75, 'DropoutShared_0': 0.3350770353204201, 'DropoutShared_1': 0.3347041689174691, 'DropoutTarget_0': 0.31272432508420833, 'DropoutTarget_1': 0.3438917751389279, 'learningRate': 0.0002569699689341439, 'w1': 3.6564601372698364, 'w2': 4.276931277418115, 'w3': 1.087894614235588, 'w4': 5.9485744477524705, 'w5': 5.144237203561701}. Best is trial 0 with value: 0.3184257245915276.
2026-05-19 02:20:38,365 - INFO - Starting trial 21
2026-05-19 02:50:29,226 - INFO - Study saved to /lustre/scratch-global/cib/abiel/AMES_FINAL/optuna/study_20260518.pkl
[I 2026-05-19 02:50:29,228] Trial 21 finished with value: 0.375711430140904 and parameters: {'nGraphConvolutionalLayers': 4, 'n_node_neurons': 106, 'n_edge_neurons': 122, 'DropoutGNN': 0.23597086208027038, 'momentumBatchNorm': 0.5383943534508335, 'nSharedLayers': 3, 'nTargetSpecificLayers': 1, 'n_shared_0': 127, 'n_shared_1': 203, 'n_shared_2': 6, 'n_target_0': 218, 'DropoutShared_0': 0.38268547502148853, 'DropoutShared_1': 0.4844189667305955, 'DropoutShared_2': 0.006897107618075802, 'DropoutTarget_0': 0.10946724162698203, 'learningRate': 0.0001652306602256962, 'w1': 5.236170940535264, 'w2': 5.4647403896458435, 'w3': 4.765250555775317, 'w4': 1.6091377084896645, 'w5': 3.6683070719721234}. Best is trial 0 with value: 0.3184257245915276.
2026-05-19 02:50:29,229 - INFO - Starting trial 22
2026-05-19 03:20:04,778 - INFO - Study saved to /lustre/scratch-global/cib/abiel/AMES_FINAL/optuna/study_20260518.pkl
[I 2026-05-19 03:20:04,790] Trial 22 finished with value: 0.39142813418592726 and parameters: {'nGraphConvolutionalLayers': 4, 'n_node_neurons': 112, 'n_edge_neurons': 125, 'DropoutGNN': 0.2065119691220323, 'momentumBatchNorm': 0.5017121449939335, 'nSharedLayers': 3, 'nTargetSpecificLayers': 1, 'n_shared_0': 200, 'n_shared_1': 244, 'n_shared_2': 6, 'n_target_0': 173, 'DropoutShared_0': 0.38087738812991595, 'DropoutShared_1': 0.41711304351973305, 'DropoutShared_2': 0.018908604511191168, 'DropoutTarget_0': 0.10212082722281068, 'learningRate': 4.754439738206818e-05, 'w1': 4.74192880649823, 'w2': 4.79077948223258, 'w3': 3.9531885551613413, 'w4': 2.0542265996463898, 'w5': 4.1036464979407}. Best is trial 0 with value: 0.3184257245915276.
2026-05-19 03:20:04,791 - INFO - Starting trial 23
[I 2026-05-19 03:51:04,727] Trial 23 pruned. 
2026-05-19 03:51:04,728 - INFO - Starting trial 24
2026-05-19 04:21:20,530 - INFO - Study saved to /lustre/scratch-global/cib/abiel/AMES_FINAL/optuna/study_20260518.pkl
[I 2026-05-19 04:21:20,559] Trial 24 finished with value: 0.3457511922291347 and parameters: {'nGraphConvolutionalLayers': 4, 'n_node_neurons': 244, 'n_edge_neurons': 152, 'DropoutGNN': 0.11520005299767618, 'momentumBatchNorm': 0.4441864223453539, 'nSharedLayers': 2, 'nTargetSpecificLayers': 1, 'n_shared_0': 82, 'n_shared_1': 247, 'n_target_0': 199, 'DropoutShared_0': 0.4248714017378977, 'DropoutShared_1': 0.2856576005934166, 'DropoutTarget_0': 0.2255695212313779, 'learningRate': 0.00012370408690005245, 'w1': 4.260931668333182, 'w2': 5.214019601698495, 'w3': 3.125280225671817, 'w4': 2.5944175084442738, 'w5': 1.9257059520866218}. Best is trial 0 with value: 0.3184257245915276.
2026-05-19 04:21:20,559 - INFO - Starting trial 25
2026-05-19 04:53:32,242 - INFO - Study saved to /lustre/scratch-global/cib/abiel/AMES_FINAL/optuna/study_20260518.pkl
[I 2026-05-19 04:53:32,266] Trial 25 finished with value: 0.3635592794418335 and parameters: {'nGraphConvolutionalLayers': 5, 'n_node_neurons': 239, 'n_edge_neurons': 200, 'DropoutGNN': 0.11221136771299953, 'momentumBatchNorm': 0.28332515124449503, 'nSharedLayers': 1, 'nTargetSpecificLayers': 2, 'n_shared_0': 48, 'n_target_0': 300, 'n_target_1': 122, 'DropoutShared_0': 0.42797547270409414, 'DropoutTarget_0': 0.22689928703494042, 'DropoutTarget_1': 0.10568184549357122, 'learningRate': 8.914113510589456e-05, 'w1': 4.361042466886728, 'w2': 4.656189602882629, 'w3': 2.5836645498502997, 'w4': 3.0429579256974257, 'w5': 1.8240204215603844}. Best is trial 0 with value: 0.3184257245915276.
2026-05-19 04:53:32,267 - INFO - Starting trial 26
2026-05-19 05:24:21,670 - INFO - Study saved to /lustre/scratch-global/cib/abiel/AMES_FINAL/optuna/study_20260518.pkl
[I 2026-05-19 05:24:21,673] Trial 26 finished with value: 0.3981891027518681 and parameters: {'nGraphConvolutionalLayers': 4, 'n_node_neurons': 245, 'n_edge_neurons': 152, 'DropoutGNN': 0.16130672789656403, 'momentumBatchNorm': 0.43421151074119857, 'nSharedLayers': 2, 'nTargetSpecificLayers': 1, 'n_shared_0': 103, 'n_shared_1': 275, 'n_target_0': 153, 'DropoutShared_0': 0.19420032358935485, 'DropoutShared_1': 0.28057287695106137, 'DropoutTarget_0': 0.31026453331595716, 'learningRate': 2.3939521818514162e-05, 'w1': 3.963830508140161, 'w2': 3.9485063275410033, 'w3': 3.1334242064823195, 'w4': 2.562254268437541, 'w5': 2.3219189048336517}. Best is trial 0 with value: 0.3184257245915276.
2026-05-19 05:24:21,673 - INFO - Starting trial 27
[I 2026-05-19 05:55:52,497] Trial 27 pruned. 
2026-05-19 05:55:52,522 - INFO - Starting trial 28
2026-05-19 06:26:48,605 - INFO - Study saved to /lustre/scratch-global/cib/abiel/AMES_FINAL/optuna/study_20260518.pkl
[I 2026-05-19 06:26:48,617] Trial 28 finished with value: 0.37218099977288926 and parameters: {'nGraphConvolutionalLayers': 4, 'n_node_neurons': 249, 'n_edge_neurons': 93, 'DropoutGNN': 0.24997936963060213, 'momentumBatchNorm': 0.3683867142632338, 'nSharedLayers': 2, 'nTargetSpecificLayers': 1, 'n_shared_0': 31, 'n_shared_1': 260, 'n_target_0': 162, 'DropoutShared_0': 0.2757918100859582, 'DropoutShared_1': 0.19398162352951168, 'DropoutTarget_0': 0.417222158792112, 'learningRate': 3.7804840149894146e-05, 'w1': 3.2713289502556773, 'w2': 4.57555217440805, 'w3': 2.337802328434063, 'w4': 1.3363081676332262, 'w5': 1.7119975888249288}. Best is trial 0 with value: 0.3184257245915276.
2026-05-19 06:26:48,617 - INFO - Starting trial 29
[I 2026-05-19 06:56:12,046] Trial 29 pruned. 
2026-05-19 06:56:12,046 - INFO - Starting trial 30
2026-05-19 07:25:21,714 - INFO - Study saved to /lustre/scratch-global/cib/abiel/AMES_FINAL/optuna/study_20260518.pkl
[I 2026-05-19 07:25:21,717] Trial 30 finished with value: 0.37418762138911654 and parameters: {'nGraphConvolutionalLayers': 2, 'n_node_neurons': 284, 'n_edge_neurons': 280, 'DropoutGNN': 0.11732175604515681, 'momentumBatchNorm': 0.47649397154143686, 'nSharedLayers': 1, 'nTargetSpecificLayers': 2, 'n_shared_0': 45, 'n_target_0': 227, 'n_target_1': 4, 'DropoutShared_0': 0.44724563860986943, 'DropoutTarget_0': 0.15247259607173344, 'DropoutTarget_1': 0.06650246519746408, 'learningRate': 0.0001930564343515783, 'w1': 2.5025000737377887, 'w2': 4.843507045560946, 'w3': 1.4832776364607019, 'w4': 2.030585518222555, 'w5': 2.34978759950611}. Best is trial 0 with value: 0.3184257245915276.
2026-05-19 07:25:21,718 - INFO - Starting trial 31
2026-05-19 07:54:33,144 - INFO - Study saved to /lustre/scratch-global/cib/abiel/AMES_FINAL/optuna/study_20260518.pkl
[I 2026-05-19 07:54:33,194] Trial 31 finished with value: 0.3702886160782405 and parameters: {'nGraphConvolutionalLayers': 4, 'n_node_neurons': 138, 'n_edge_neurons': 136, 'DropoutGNN': 0.17998651625671347, 'momentumBatchNorm': 0.5735102999514023, 'nSharedLayers': 3, 'nTargetSpecificLayers': 1, 'n_shared_0': 109, 'n_shared_1': 229, 'n_shared_2': 94, 'n_target_0': 207, 'DropoutShared_0': 0.40689857087232, 'DropoutShared_1': 0.4243314973081974, 'DropoutShared_2': 0.4265649356241037, 'DropoutTarget_0': 0.06055754143574624, 'learningRate': 0.0001241988183765263, 'w1': 5.111363056460096, 'w2': 5.282514584607066, 'w3': 4.924782273468649, 'w4': 2.2193859921965053, 'w5': 3.4787816880143225}. Best is trial 0 with value: 0.3184257245915276.
2026-05-19 07:54:33,195 - INFO - Starting trial 32
2026-05-19 08:24:44,217 - INFO - Study saved to /lustre/scratch-global/cib/abiel/AMES_FINAL/optuna/study_20260518.pkl
[I 2026-05-19 08:24:44,232] Trial 32 finished with value: 0.34594895218099864 and parameters: {'nGraphConvolutionalLayers': 3, 'n_node_neurons': 254, 'n_edge_neurons': 96, 'DropoutGNN': 0.23357940002494587, 'momentumBatchNorm': 0.6940297279277792, 'nSharedLayers': 2, 'nTargetSpecificLayers': 1, 'n_shared_0': 145, 'n_shared_1': 218, 'n_target_0': 193, 'DropoutShared_0': 0.466016623638434, 'DropoutShared_1': 0.30003061858216196, 'DropoutTarget_0': 0.1292187703238409, 'learningRate': 7.965278373604193e-05, 'w1': 5.535382608322224, 'w2': 5.2595608836241885, 'w3': 2.860000883216195, 'w4': 1.4494777958542195, 'w5': 2.0900619438179824}. Best is trial 0 with value: 0.3184257245915276.
2026-05-19 08:24:44,233 - INFO - Starting trial 33
2026-05-19 08:53:43,955 - INFO - Study saved to /lustre/scratch-global/cib/abiel/AMES_FINAL/optuna/study_20260518.pkl
[I 2026-05-19 08:53:43,957] Trial 33 finished with value: 0.3509276272569384 and parameters: {'nGraphConvolutionalLayers': 3, 'n_node_neurons': 257, 'n_edge_neurons': 73, 'DropoutGNN': 0.357838183849085, 'momentumBatchNorm': 0.6951690053548443, 'nSharedLayers': 2, 'nTargetSpecificLayers': 1, 'n_shared_0': 169, 'n_shared_1': 159, 'n_target_0': 188, 'DropoutShared_0': 0.45263315253768627, 'DropoutShared_1': 0.3070827331251397, 'DropoutTarget_0': 0.0008392282056795541, 'learningRate': 7.469621058201557e-05, 'w1': 5.474806098825629, 'w2': 4.520472236097383, 'w3': 2.5380385776424035, 'w4': 1.412833027137971, 'w5': 2.0105670266963136}. Best is trial 0 with value: 0.3184257245915276.
2026-05-19 08:53:43,958 - INFO - Starting trial 34
[I 2026-05-19 09:21:25,510] Trial 34 pruned. 
2026-05-19 09:21:25,511 - INFO - Starting trial 35
[I 2026-05-19 09:50:24,957] Trial 35 pruned. 
2026-05-19 09:50:24,983 - INFO - Starting trial 36
[I 2026-05-19 10:20:40,903] Trial 36 pruned. 
2026-05-19 10:20:40,904 - INFO - Starting trial 37
[I 2026-05-19 10:51:21,092] Trial 37 pruned. 
2026-05-19 10:51:21,093 - INFO - Starting trial 38
[I 2026-05-19 11:22:04,741] Trial 38 pruned. 
2026-05-19 11:22:04,741 - INFO - Starting trial 39
2026-05-19 11:54:59,284 - INFO - Study saved to /lustre/scratch-global/cib/abiel/AMES_FINAL/optuna/study_20260518.pkl
[I 2026-05-19 11:54:59,297] Trial 39 finished with value: 0.3869119146892003 and parameters: {'nGraphConvolutionalLayers': 3, 'n_node_neurons': 192, 'n_edge_neurons': 178, 'DropoutGNN': 0.02894306194251557, 'momentumBatchNorm': 0.7732214264493864, 'nSharedLayers': 1, 'nTargetSpecificLayers': 3, 'n_shared_0': 147, 'n_target_0': 176, 'n_target_1': 237, 'n_target_2': 188, 'DropoutShared_0': 0.17679627629667466, 'DropoutTarget_0': 0.4953855423396998, 'DropoutTarget_1': 0.1732790271502356, 'DropoutTarget_2': 0.3591758064587143, 'learningRate': 0.0003451160552718368, 'w1': 4.913910939926109, 'w2': 5.3132261628557105, 'w3': 2.9221223944795685, 'w4': 1.4369169720337585, 'w5': 1.924509731903269}. Best is trial 0 with value: 0.3184257245915276.
2026-05-19 11:54:59,298 - INFO - Starting trial 40
[I 2026-05-19 12:27:04,193] Trial 40 pruned. 
2026-05-19 12:27:04,194 - INFO - Starting trial 41
2026-05-19 12:57:46,524 - INFO - Study saved to /lustre/scratch-global/cib/abiel/AMES_FINAL/optuna/study_20260518.pkl
[I 2026-05-19 12:57:46,525] Trial 41 finished with value: 0.3534578943252563 and parameters: {'nGraphConvolutionalLayers': 3, 'n_node_neurons': 261, 'n_edge_neurons': 71, 'DropoutGNN': 0.3442373630270284, 'momentumBatchNorm': 0.6834663456931188, 'nSharedLayers': 2, 'nTargetSpecificLayers': 1, 'n_shared_0': 175, 'n_shared_1': 151, 'n_target_0': 188, 'DropoutShared_0': 0.4176901999928215, 'DropoutShared_1': 0.3015196880584809, 'DropoutTarget_0': 0.09325896863825692, 'learningRate': 8.88163977906444e-05, 'w1': 5.36511278472104, 'w2': 4.45152676064963, 'w3': 2.6722589090419326, 'w4': 1.4156120096676892, 'w5': 2.046583042171733}. Best is trial 0 with value: 0.3184257245915276.
2026-05-19 12:57:46,525 - INFO - Starting trial 42
2026-05-19 13:28:09,026 - INFO - Study saved to /lustre/scratch-global/cib/abiel/AMES_FINAL/optuna/study_20260518.pkl
[I 2026-05-19 13:28:09,063] Trial 42 finished with value: 0.36024968309061867 and parameters: {'nGraphConvolutionalLayers': 3, 'n_node_neurons': 235, 'n_edge_neurons': 83, 'DropoutGNN': 0.40612465536692605, 'momentumBatchNorm': 0.6890580455440027, 'nSharedLayers': 2, 'nTargetSpecificLayers': 1, 'n_shared_0': 194, 'n_shared_1': 179, 'n_target_0': 164, 'DropoutShared_0': 0.4456698351578626, 'DropoutShared_1': 0.24860051690996474, 'DropoutTarget_0': 0.038134789935920434, 'learningRate': 8.032040953632058e-05, 'w1': 5.785797807489865, 'w2': 4.10947650286679, 'w3': 2.0180259316295848, 'w4': 1.9385191501120447, 'w5': 2.065502992661624}. Best is trial 0 with value: 0.3184257245915276.
2026-05-19 13:28:09,065 - INFO - Starting trial 43
[I 2026-05-19 13:59:30,507] Trial 43 pruned. 
2026-05-19 13:59:30,508 - INFO - Starting trial 44
[I 2026-05-19 14:28:51,869] Trial 44 pruned. 
2026-05-19 14:28:51,869 - INFO - Starting trial 45
[I 2026-05-19 15:00:31,455] Trial 45 pruned. 
2026-05-19 15:00:31,477 - INFO - Starting trial 46
[I 2026-05-19 15:31:46,744] Trial 46 pruned. 
2026-05-19 15:31:46,745 - INFO - Starting trial 47
2026-05-19 16:03:45,434 - INFO - Study saved to /lustre/scratch-global/cib/abiel/AMES_FINAL/optuna/study_20260518.pkl
[I 2026-05-19 16:03:45,437] Trial 47 finished with value: 0.3329673851387841 and parameters: {'nGraphConvolutionalLayers': 4, 'n_node_neurons': 246, 'n_edge_neurons': 30, 'DropoutGNN': 0.07820815423102645, 'momentumBatchNorm': 0.47678142936566503, 'nSharedLayers': 3, 'nTargetSpecificLayers': 2, 'n_shared_0': 159, 'n_shared_1': 137, 'n_shared_2': 80, 'n_target_0': 137, 'n_target_1': 110, 'DropoutShared_0': 0.40991673737794887, 'DropoutShared_1': 0.22657082859198907, 'DropoutShared_2': 0.17562157127139916, 'DropoutTarget_0': 0.1750885431861124, 'DropoutTarget_1': 0.141981553333083, 'learningRate': 0.00012192468903905148, 'w1': 1.079797030282764, 'w2': 4.73177360446471, 'w3': 3.5135834503612196, 'w4': 1.2370665017582727, 'w5': 1.2252938818186419}. Best is trial 0 with value: 0.3184257245915276.
2026-05-19 16:03:45,438 - INFO - Starting trial 48
[I 2026-05-19 16:36:01,086] Trial 48 pruned. 
2026-05-19 16:36:01,087 - INFO - Starting trial 49
[I 2026-05-19 17:06:44,389] Trial 49 pruned. 
2026-05-19 17:06:44,390 - INFO - Starting trial 50
2026-05-19 17:34:32,461 - INFO - Study saved to /lustre/scratch-global/cib/abiel/AMES_FINAL/optuna/study_20260518.pkl
[I 2026-05-19 17:34:32,469] Trial 50 finished with value: 0.34876369578497746 and parameters: {'nGraphConvolutionalLayers': 4, 'n_node_neurons': 275, 'n_edge_neurons': 178, 'DropoutGNN': 0.008786890918696638, 'momentumBatchNorm': 0.5354496784307403, 'nSharedLayers': 4, 'nTargetSpecificLayers': 2, 'n_shared_0': 221, 'n_shared_1': 137, 'n_shared_2': 53, 'n_shared_3': 282, 'n_target_0': 117, 'n_target_1': 51, 'DropoutShared_0': 0.37260342473357433, 'DropoutShared_1': 0.22420144722635396, 'DropoutShared_2': 0.09223873329067787, 'DropoutShared_3': 0.49816382384703184, 'DropoutTarget_0': 0.2583423179691658, 'DropoutTarget_1': 0.051141456219300926, 'learningRate': 0.0001141773326418122, 'w1': 4.59398858430381, 'w2': 5.130365391176548, 'w3': 3.4551312835404744, 'w4': 1.6401780472829828, 'w5': 1.7266956007741614}. Best is trial 0 with value: 0.3184257245915276.
2026-05-19 17:34:32,471 - INFO - Starting trial 51
2026-05-19 18:05:02,583 - INFO - Study saved to /lustre/scratch-global/cib/abiel/AMES_FINAL/optuna/study_20260518.pkl
[I 2026-05-19 18:05:02,586] Trial 51 finished with value: 0.3609518430914197 and parameters: {'nGraphConvolutionalLayers': 4, 'n_node_neurons': 300, 'n_edge_neurons': 183, 'DropoutGNN': 0.00416304498262266, 'momentumBatchNorm': 0.5559657159494599, 'nSharedLayers': 4, 'nTargetSpecificLayers': 2, 'n_shared_0': 249, 'n_shared_1': 133, 'n_shared_2': 56, 'n_shared_3': 299, 'n_target_0': 92, 'n_target_1': 50, 'DropoutShared_0': 0.368764466857098, 'DropoutShared_1': 0.22788040310294, 'DropoutShared_2': 0.09309653062641161, 'DropoutShared_3': 0.48848277425328473, 'DropoutTarget_0': 0.24167081146581162, 'DropoutTarget_1': 0.053996471944575956, 'learningRate': 0.00013569249440643395, 'w1': 1.4983466485929426, 'w2': 5.146818041887686, 'w3': 3.520711373037114, 'w4': 1.6060934464356256, 'w5': 1.8046854425360164}. Best is trial 0 with value: 0.3184257245915276.
2026-05-19 18:05:02,587 - INFO - Starting trial 52
[I 2026-05-19 18:37:11,093] Trial 52 pruned. 
2026-05-19 18:37:11,094 - INFO - Starting trial 53
2026-05-19 19:10:03,308 - INFO - Study saved to /lustre/scratch-global/cib/abiel/AMES_FINAL/optuna/study_20260518.pkl
[I 2026-05-19 19:10:03,315] Trial 53 finished with value: 0.3406081849336624 and parameters: {'nGraphConvolutionalLayers': 4, 'n_node_neurons': 269, 'n_edge_neurons': 169, 'DropoutGNN': 0.09724405864769164, 'momentumBatchNorm': 0.5284656994034791, 'nSharedLayers': 4, 'nTargetSpecificLayers': 3, 'n_shared_0': 211, 'n_shared_1': 110, 'n_shared_2': 120, 'n_shared_3': 218, 'n_target_0': 155, 'n_target_1': 32, 'n_target_2': 220, 'DropoutShared_0': 0.1525899365140007, 'DropoutShared_1': 0.22980263261617945, 'DropoutShared_2': 0.22005721307540566, 'DropoutShared_3': 0.4896656951196961, 'DropoutTarget_0': 0.2615028492935068, 'DropoutTarget_1': 0.005763038779567686, 'DropoutTarget_2': 0.3164243088362096, 'learningRate': 0.00012287404210478258, 'w1': 2.8432020801451605, 'w2': 5.497692334330215, 'w3': 3.151837921207981, 'w4': 1.2384724392057498, 'w5': 1.303755033933596}. Best is trial 0 with value: 0.3184257245915276.
2026-05-19 19:10:03,316 - INFO - Starting trial 54
2026-05-19 19:44:13,883 - INFO - Study saved to /lustre/scratch-global/cib/abiel/AMES_FINAL/optuna/study_20260518.pkl
[I 2026-05-19 19:44:13,919] Trial 54 finished with value: 0.3686245235374995 and parameters: {'nGraphConvolutionalLayers': 5, 'n_node_neurons': 230, 'n_edge_neurons': 167, 'DropoutGNN': 0.10441668094033776, 'momentumBatchNorm': 0.3998335255769461, 'nSharedLayers': 3, 'nTargetSpecificLayers': 3, 'n_shared_0': 156, 'n_shared_1': 76, 'n_shared_2': 120, 'n_target_0': 159, 'n_target_1': 27, 'n_target_2': 200, 'DropoutShared_0': 0.10976523491022228, 'DropoutShared_1': 0.2654605379975058, 'DropoutShared_2': 0.22432892773494997, 'DropoutTarget_0': 0.2883275944574295, 'DropoutTarget_1': 0.013700086239448373, 'DropoutTarget_2': 0.3036963700232039, 'learningRate': 5.588515972834441e-05, 'w1': 2.872437533726611, 'w2': 5.776958767786987, 'w3': 3.0765535566093782, 'w4': 4.625072650491117, 'w5': 1.3339437847767848}. Best is trial 0 with value: 0.3184257245915276.
2026-05-19 19:44:13,921 - INFO - Starting trial 55
2026-05-19 20:17:28,594 - INFO - Study saved to /lustre/scratch-global/cib/abiel/AMES_FINAL/optuna/study_20260518.pkl
[I 2026-05-19 20:17:28,601] Trial 55 finished with value: 0.3478573582002095 and parameters: {'nGraphConvolutionalLayers': 4, 'n_node_neurons': 252, 'n_edge_neurons': 218, 'DropoutGNN': 0.0875448811604425, 'momentumBatchNorm': 0.33097508434693834, 'nSharedLayers': 4, 'nTargetSpecificLayers': 3, 'n_shared_0': 207, 'n_shared_1': 296, 'n_shared_2': 166, 'n_shared_3': 225, 'n_target_0': 219, 'n_target_1': 121, 'n_target_2': 225, 'DropoutShared_0': 0.1568826261425252, 'DropoutShared_1': 0.1732832402357924, 'DropoutShared_2': 0.3358533793558737, 'DropoutShared_3': 0.09742621392508899, 'DropoutTarget_0': 0.40741234934639237, 'DropoutTarget_1': 0.1510741203881109, 'DropoutTarget_2': 0.36156333171030014, 'learningRate': 3.53307493512698e-05, 'w1': 1.7973700241522266, 'w2': 5.555646618984642, 'w3': 2.787679566775918, 'w4': 1.2306534768606443, 'w5': 1.2170694571316005}. Best is trial 0 with value: 0.3184257245915276.
2026-05-19 20:17:28,602 - INFO - Starting trial 56
2026-05-19 20:51:41,846 - INFO - Study saved to /lustre/scratch-global/cib/abiel/AMES_FINAL/optuna/study_20260518.pkl
[I 2026-05-19 20:51:41,881] Trial 56 finished with value: 0.3578348986591612 and parameters: {'nGraphConvolutionalLayers': 5, 'n_node_neurons': 266, 'n_edge_neurons': 110, 'DropoutGNN': 0.13740322072027858, 'momentumBatchNorm': 0.4734850408369893, 'nSharedLayers': 3, 'nTargetSpecificLayers': 3, 'n_shared_0': 239, 'n_shared_1': 56, 'n_shared_2': 201, 'n_target_0': 135, 'n_target_1': 63, 'n_target_2': 103, 'DropoutShared_0': 0.15347883466236933, 'DropoutShared_1': 0.04023489834362384, 'DropoutShared_2': 0.24054041137983734, 'DropoutTarget_0': 0.13248623115866473, 'DropoutTarget_1': 0.10851678303276466, 'DropoutTarget_2': 0.2251885651693845, 'learningRate': 0.00015904757773414516, 'w1': 2.1581387548176716, 'w2': 5.453748448253779, 'w3': 3.204536593239265, 'w4': 1.199705248416959, 'w5': 1.4836088704047834}. Best is trial 0 with value: 0.3184257245915276.
2026-05-19 20:51:41,883 - INFO - Starting trial 57
2026-05-19 21:23:26,712 - INFO - Study saved to /lustre/scratch-global/cib/abiel/AMES_FINAL/optuna/study_20260518.pkl
[I 2026-05-19 21:23:26,718] Trial 57 finished with value: 0.3457829398768289 and parameters: {'nGraphConvolutionalLayers': 4, 'n_node_neurons': 291, 'n_edge_neurons': 141, 'DropoutGNN': 0.16033642616031757, 'momentumBatchNorm': 0.644912254027771, 'nSharedLayers': 1, 'nTargetSpecificLayers': 2, 'n_shared_0': 187, 'n_target_0': 25, 'n_target_1': 32, 'DropoutShared_0': 0.0791573066115792, 'DropoutTarget_0': 0.2077526424265364, 'DropoutTarget_1': 0.0018527574984179077, 'learningRate': 0.00010197082711600188, 'w1': 1.4618257640627188, 'w2': 2.278095011089281, 'w3': 3.7410360665518585, 'w4': 1.472597912910977, 'w5': 2.459463029549603}. Best is trial 0 with value: 0.3184257245915276.
2026-05-19 21:23:26,719 - INFO - Starting trial 58
[I 2026-05-19 21:54:59,682] Trial 58 pruned. 
2026-05-19 21:54:59,683 - INFO - Starting trial 59
[I 2026-05-19 22:26:37,642] Trial 59 pruned. 
2026-05-19 22:26:37,701 - INFO - Starting trial 60
2026-05-19 22:58:05,127 - INFO - Study saved to /lustre/scratch-global/cib/abiel/AMES_FINAL/optuna/study_20260518.pkl
[I 2026-05-19 22:58:05,195] Trial 60 finished with value: 0.3538809475728444 and parameters: {'nGraphConvolutionalLayers': 4, 'n_node_neurons': 291, 'n_edge_neurons': 285, 'DropoutGNN': 0.0777361480759471, 'momentumBatchNorm': 0.42342446958107, 'nSharedLayers': 1, 'nTargetSpecificLayers': 2, 'n_shared_0': 213, 'n_target_0': 66, 'n_target_1': 34, 'DropoutShared_0': 0.11417307089698911, 'DropoutTarget_0': 0.2627315022186391, 'DropoutTarget_1': 0.034693661658969505, 'learningRate': 5.356534959532092e-05, 'w1': 2.112850527091531, 'w2': 2.805981734319018, 'w3': 4.094496197974356, 'w4': 1.7938590008228341, 'w5': 1.9212915710447072}. Best is trial 0 with value: 0.3184257245915276.
2026-05-19 22:58:05,196 - INFO - Starting trial 61
2026-05-19 23:29:12,769 - INFO - Study saved to /lustre/scratch-global/cib/abiel/AMES_FINAL/optuna/study_20260518.pkl
[I 2026-05-19 23:29:12,771] Trial 61 finished with value: 0.35043089355741225 and parameters: {'nGraphConvolutionalLayers': 4, 'n_node_neurons': 235, 'n_edge_neurons': 142, 'DropoutGNN': 0.20449226756326766, 'momentumBatchNorm': 0.6605427072125566, 'nSharedLayers': 1, 'nTargetSpecificLayers': 2, 'n_shared_0': 143, 'n_target_0': 41, 'n_target_1': 70, 'DropoutShared_0': 0.07639978470615864, 'DropoutTarget_0': 0.16714786926703562, 'DropoutTarget_1': 0.07708447264611121, 'learningRate': 0.00010349016005307758, 'w1': 1.2407741337985108, 'w2': 1.4619893247159683, 'w3': 5.890660655036013, 'w4': 1.3539459243527192, 'w5': 2.195616147871201}. Best is trial 0 with value: 0.3184257245915276.
2026-05-19 23:29:12,771 - INFO - Starting trial 62
2026-05-19 23:59:59,725 - INFO - Study saved to /lustre/scratch-global/cib/abiel/AMES_FINAL/optuna/study_20260518.pkl
[I 2026-05-19 23:59:59,738] Trial 62 finished with value: 0.332592151931354 and parameters: {'nGraphConvolutionalLayers': 4, 'n_node_neurons': 249, 'n_edge_neurons': 162, 'DropoutGNN': 0.15826953154477427, 'momentumBatchNorm': 0.5932318985304116, 'nSharedLayers': 1, 'nTargetSpecificLayers': 2, 'n_shared_0': 166, 'n_target_0': 173, 'n_target_1': 95, 'DropoutShared_0': 0.1355617019392495, 'DropoutTarget_0': 0.19257432232837132, 'DropoutTarget_1': 0.18789528127442873, 'learningRate': 7.165255959685395e-05, 'w1': 1.4371898927664915, 'w2': 3.312976685098428, 'w3': 2.9784492710352306, 'w4': 1.5244491838372505, 'w5': 1.5552126151344108}. Best is trial 0 with value: 0.3184257245915276.
2026-05-19 23:59:59,738 - INFO - Starting trial 63
2026-05-20 00:30:47,254 - INFO - Study saved to /lustre/scratch-global/cib/abiel/AMES_FINAL/optuna/study_20260518.pkl
[I 2026-05-20 00:30:47,301] Trial 63 finished with value: 0.3589794776269367 and parameters: {'nGraphConvolutionalLayers': 4, 'n_node_neurons': 269, 'n_edge_neurons': 235, 'DropoutGNN': 0.1014641009502274, 'momentumBatchNorm': 0.5915205193205871, 'nSharedLayers': 1, 'nTargetSpecificLayers': 2, 'n_shared_0': 162, 'n_target_0': 172, 'n_target_1': 135, 'DropoutShared_0': 0.12743705401504002, 'DropoutTarget_0': 0.1913113036854508, 'DropoutTarget_1': 0.1990972300171525, 'learningRate': 0.00016038380476694373, 'w1': 1.4545935258246663, 'w2': 3.0729784596271164, 'w3': 3.7643020794480058, 'w4': 1.6049058857354077, 'w5': 1.5761806982062105}. Best is trial 0 with value: 0.3184257245915276.
2026-05-20 00:30:47,303 - INFO - Starting trial 64
2026-05-20 01:01:47,955 - INFO - Study saved to /lustre/scratch-global/cib/abiel/AMES_FINAL/optuna/study_20260518.pkl
[I 2026-05-20 01:01:47,956] Trial 64 finished with value: 0.3646387160675866 and parameters: {'nGraphConvolutionalLayers': 4, 'n_node_neurons': 243, 'n_edge_neurons': 162, 'DropoutGNN': 0.17775145051790447, 'momentumBatchNorm': 0.4659193392877963, 'nSharedLayers': 1, 'nTargetSpecificLayers': 2, 'n_shared_0': 178, 'n_target_0': 147, 'n_target_1': 96, 'DropoutShared_0': 0.04787405020214422, 'DropoutTarget_0': 0.34040470717823523, 'DropoutTarget_1': 0.18409786943894052, 'learningRate': 0.00024002467224900134, 'w1': 3.1635042903949633, 'w2': 2.170067162335918, 'w3': 2.9649636461233277, 'w4': 1.2390347589034436, 'w5': 1.2229461682187044}. Best is trial 0 with value: 0.3184257245915276.
2026-05-20 01:01:47,956 - INFO - Starting trial 65
[I 2026-05-20 01:33:19,857] Trial 65 pruned. 
2026-05-20 01:33:19,858 - INFO - Starting trial 66
2026-05-20 02:04:20,066 - INFO - Study saved to /lustre/scratch-global/cib/abiel/AMES_FINAL/optuna/study_20260518.pkl
[I 2026-05-20 02:04:20,135] Trial 66 finished with value: 0.32845343691962103 and parameters: {'nGraphConvolutionalLayers': 4, 'n_node_neurons': 291, 'n_edge_neurons': 214, 'DropoutGNN': 0.13857481916586417, 'momentumBatchNorm': 0.5000024859784689, 'nSharedLayers': 1, 'nTargetSpecificLayers': 2, 'n_shared_0': 129, 'n_target_0': 207, 'n_target_1': 169, 'DropoutShared_0': 0.14082394615236316, 'DropoutTarget_0': 0.3754849717633778, 'DropoutTarget_1': 0.27304688049611636, 'learningRate': 4.778630746678744e-05, 'w1': 1.1100748403318723, 'w2': 3.35358713143387, 'w3': 2.6643696462343454, 'w4': 1.5308859471738407, 'w5': 1.4379417496234579}. Best is trial 0 with value: 0.3184257245915276.
2026-05-20 02:04:20,149 - INFO - Starting trial 67
[I 2026-05-20 02:37:30,666] Trial 67 pruned. 
2026-05-20 02:37:30,666 - INFO - Starting trial 68
2026-05-20 03:08:43,400 - INFO - Study saved to /lustre/scratch-global/cib/abiel/AMES_FINAL/optuna/study_20260518.pkl
[I 2026-05-20 03:08:43,411] Trial 68 finished with value: 0.3263118848630361 and parameters: {'nGraphConvolutionalLayers': 4, 'n_node_neurons': 248, 'n_edge_neurons': 155, 'DropoutGNN': 0.06356882491347142, 'momentumBatchNorm': 0.307410874463213, 'nSharedLayers': 1, 'nTargetSpecificLayers': 2, 'n_shared_0': 130, 'n_target_0': 159, 'n_target_1': 171, 'DropoutShared_0': 0.18649158290073414, 'DropoutTarget_0': 0.37281544102501046, 'DropoutTarget_1': 0.24960124311163445, 'learningRate': 4.66124327516415e-05, 'w1': 1.0620713759795188, 'w2': 3.427481502864472, 'w3': 2.3004275467054676, 'w4': 2.768190171534902, 'w5': 1.1388499022315746}. Best is trial 0 with value: 0.3184257245915276.
2026-05-20 03:08:43,412 - INFO - Starting trial 69
[I 2026-05-20 03:39:55,035] Trial 69 pruned. 
2026-05-20 03:39:55,060 - INFO - Starting trial 70
[I 2026-05-20 04:12:16,853] Trial 70 pruned. 
2026-05-20 04:12:16,853 - INFO - Starting trial 71
2026-05-20 04:43:33,159 - INFO - Study saved to /lustre/scratch-global/cib/abiel/AMES_FINAL/optuna/study_20260518.pkl
[I 2026-05-20 04:43:33,190] Trial 71 finished with value: 0.34757400674479344 and parameters: {'nGraphConvolutionalLayers': 4, 'n_node_neurons': 245, 'n_edge_neurons': 130, 'DropoutGNN': 0.10941003483559056, 'momentumBatchNorm': 0.31997878582902645, 'nSharedLayers': 1, 'nTargetSpecificLayers': 2, 'n_shared_0': 110, 'n_target_0': 166, 'n_target_1': 179, 'DropoutShared_0': 0.1925543422627375, 'DropoutTarget_0': 0.38811514451754764, 'DropoutTarget_1': 0.33113622378672836, 'learningRate': 4.764569878083344e-05, 'w1': 1.3379794238553597, 'w2': 3.127988317913482, 'w3': 2.371631927760346, 'w4': 2.742585547523824, 'w5': 1.660280964588523}. Best is trial 0 with value: 0.3184257245915276.
2026-05-20 04:43:33,191 - INFO - Starting trial 72
2026-05-20 05:14:24,909 - INFO - Study saved to /lustre/scratch-global/cib/abiel/AMES_FINAL/optuna/study_20260518.pkl
[I 2026-05-20 05:14:24,911] Trial 72 finished with value: 0.3190501026596341 and parameters: {'nGraphConvolutionalLayers': 4, 'n_node_neurons': 225, 'n_edge_neurons': 159, 'DropoutGNN': 0.0880266754133205, 'momentumBatchNorm': 0.40930814345023064, 'nSharedLayers': 1, 'nTargetSpecificLayers': 2, 'n_shared_0': 89, 'n_target_0': 131, 'n_target_1': 130, 'DropoutShared_0': 0.12591439000204058, 'DropoutTarget_0': 0.3782814981958723, 'DropoutTarget_1': 0.2756331783946377, 'learningRate': 6.921408833615974e-05, 'w1': 1.1291815453091067, 'w2': 3.388717764387572, 'w3': 2.748811610877335, 'w4': 3.1382654118739683, 'w5': 1.15519385751617}. Best is trial 0 with value: 0.3184257245915276.
2026-05-20 05:14:24,911 - INFO - Starting trial 73
2026-05-20 05:46:09,065 - INFO - Study saved to /lustre/scratch-global/cib/abiel/AMES_FINAL/optuna/study_20260518.pkl
[I 2026-05-20 05:46:09,067] Trial 73 finished with value: 0.3534464416333607 and parameters: {'nGraphConvolutionalLayers': 4, 'n_node_neurons': 226, 'n_edge_neurons': 157, 'DropoutGNN': 0.08867543579953308, 'momentumBatchNorm': 0.38600508563163854, 'nSharedLayers': 1, 'nTargetSpecificLayers': 2, 'n_shared_0': 126, 'n_target_0': 131, 'n_target_1': 138, 'DropoutShared_0': 0.13540277784568516, 'DropoutTarget_0': 0.36371399900550566, 'DropoutTarget_1': 0.2125093031022851, 'learningRate': 3.649122941817828e-05, 'w1': 1.1041043946202016, 'w2': 3.3911448435116656, 'w3': 2.682366454336848, 'w4': 3.2255760648633602, 'w5': 1.1953088403824135}. Best is trial 0 with value: 0.3184257245915276.
2026-05-20 05:46:09,067 - INFO - Starting trial 74
2026-05-20 06:17:55,243 - INFO - Study saved to /lustre/scratch-global/cib/abiel/AMES_FINAL/optuna/study_20260518.pkl
[I 2026-05-20 06:17:55,294] Trial 74 finished with value: 0.3379604418788637 and parameters: {'nGraphConvolutionalLayers': 4, 'n_node_neurons': 212, 'n_edge_neurons': 213, 'DropoutGNN': 0.04022108261955668, 'momentumBatchNorm': 0.29492271634134126, 'nSharedLayers': 1, 'nTargetSpecificLayers': 2, 'n_shared_0': 151, 'n_target_0': 139, 'n_target_1': 126, 'DropoutShared_0': 0.12374632160935611, 'DropoutTarget_0': 0.4404418611710251, 'DropoutTarget_1': 0.2691167889039948, 'learningRate': 4.628472056719395e-05, 'w1': 1.7383911313073037, 'w2': 2.827220450862071, 'w3': 3.000931913423725, 'w4': 1.1282302052741824, 'w5': 1.0123112556864113}. Best is trial 0 with value: 0.3184257245915276.
2026-05-20 06:17:55,295 - INFO - Starting trial 75
[I 2026-05-20 06:49:26,651] Trial 75 pruned. 
2026-05-20 06:49:26,652 - INFO - Starting trial 76
[I 2026-05-20 07:21:40,802] Trial 76 pruned. 
2026-05-20 07:21:40,802 - INFO - Starting trial 77
[I 2026-05-20 07:51:11,703] Trial 77 pruned. 
2026-05-20 07:51:11,732 - INFO - Starting trial 78
[I 2026-05-20 08:22:39,808] Trial 78 pruned. 
2026-05-20 08:22:39,809 - INFO - Starting trial 79
2026-05-20 08:54:29,421 - INFO - Study saved to /lustre/scratch-global/cib/abiel/AMES_FINAL/optuna/study_20260518.pkl
[I 2026-05-20 08:54:29,424] Trial 79 finished with value: 0.3255756501640592 and parameters: {'nGraphConvolutionalLayers': 5, 'n_node_neurons': 253, 'n_edge_neurons': 265, 'DropoutGNN': 0.06683428571841912, 'momentumBatchNorm': 0.41160958068392284, 'nSharedLayers': 1, 'nTargetSpecificLayers': 2, 'n_shared_0': 131, 'n_target_0': 166, 'n_target_1': 141, 'DropoutShared_0': 0.1647646636623647, 'DropoutTarget_0': 0.33739439734965665, 'DropoutTarget_1': 0.3036429082184275, 'learningRate': 4.753444507942622e-05, 'w1': 1.7208500462652856, 'w2': 3.7011742604711557, 'w3': 2.493744181160717, 'w4': 1.1247334793195967, 'w5': 1.1688440781307126}. Best is trial 0 with value: 0.3184257245915276.
2026-05-20 08:54:29,425 - INFO - Starting trial 80
2026-05-20 09:26:24,030 - INFO - Study saved to /lustre/scratch-global/cib/abiel/AMES_FINAL/optuna/study_20260518.pkl
[I 2026-05-20 09:26:24,045] Trial 80 finished with value: 0.35635006291525706 and parameters: {'nGraphConvolutionalLayers': 5, 'n_node_neurons': 252, 'n_edge_neurons': 256, 'DropoutGNN': 0.06551136977925745, 'momentumBatchNorm': 0.40737755736773235, 'nSharedLayers': 1, 'nTargetSpecificLayers': 2, 'n_shared_0': 150, 'n_target_0': 165, 'n_target_1': 145, 'DropoutShared_0': 0.20357695793987848, 'DropoutTarget_0': 0.42870518231881494, 'DropoutTarget_1': 0.3003264555933554, 'learningRate': 3.437772558258609e-05, 'w1': 1.9398029258009142, 'w2': 3.743443327224897, 'w3': 2.440067504214511, 'w4': 1.4987277800396395, 'w5': 1.178953213519134}. Best is trial 0 with value: 0.3184257245915276.
2026-05-20 09:26:24,046 - INFO - Starting trial 81
2026-05-20 09:58:31,842 - INFO - Study saved to /lustre/scratch-global/cib/abiel/AMES_FINAL/optuna/study_20260518.pkl
[I 2026-05-20 09:58:31,844] Trial 81 finished with value: 0.31958246043750216 and parameters: {'nGraphConvolutionalLayers': 5, 'n_node_neurons': 259, 'n_edge_neurons': 266, 'DropoutGNN': 0.08122188139861691, 'momentumBatchNorm': 0.3338839398968636, 'nSharedLayers': 1, 'nTargetSpecificLayers': 2, 'n_shared_0': 130, 'n_target_0': 173, 'n_target_1': 135, 'DropoutShared_0': 0.16838398438984034, 'DropoutTarget_0': 0.34981234126073346, 'DropoutTarget_1': 0.3695929065523316, 'learningRate': 4.90064710092254e-05, 'w1': 1.7327479064478515, 'w2': 3.5988487751371827, 'w3': 2.569552718870439, 'w4': 1.0970644789570507, 'w5': 1.0671987095754745}. Best is trial 0 with value: 0.3184257245915276.
2026-05-20 09:58:31,844 - INFO - Starting trial 82
2026-05-20 10:30:40,030 - INFO - Study saved to /lustre/scratch-global/cib/abiel/AMES_FINAL/optuna/study_20260518.pkl
[I 2026-05-20 10:30:40,062] Trial 82 finished with value: 0.326761183823858 and parameters: {'nGraphConvolutionalLayers': 5, 'n_node_neurons': 259, 'n_edge_neurons': 287, 'DropoutGNN': 0.08256044200348492, 'momentumBatchNorm': 0.2968128210187575, 'nSharedLayers': 1, 'nTargetSpecificLayers': 2, 'n_shared_0': 130, 'n_target_0': 170, 'n_target_1': 131, 'DropoutShared_0': 0.16337439799598957, 'DropoutTarget_0': 0.32787244756732997, 'DropoutTarget_1': 0.3570810798137939, 'learningRate': 4.891364784948752e-05, 'w1': 1.7497626579245293, 'w2': 3.5572199410430807, 'w3': 2.55116324587461, 'w4': 1.0882126684787585, 'w5': 1.1320193420925342}. Best is trial 0 with value: 0.3184257245915276.
2026-05-20 10:30:40,064 - INFO - Starting trial 83
2026-05-20 11:02:40,603 - INFO - Study saved to /lustre/scratch-global/cib/abiel/AMES_FINAL/optuna/study_20260518.pkl
[I 2026-05-20 11:02:40,614] Trial 83 finished with value: 0.30262381792068477 and parameters: {'nGraphConvolutionalLayers': 5, 'n_node_neurons': 257, 'n_edge_neurons': 291, 'DropoutGNN': 0.08982352542940232, 'momentumBatchNorm': 0.33782774316170533, 'nSharedLayers': 1, 'nTargetSpecificLayers': 2, 'n_shared_0': 128, 'n_target_0': 183, 'n_target_1': 149, 'DropoutShared_0': 0.16288405692148522, 'DropoutTarget_0': 0.34681738091609443, 'DropoutTarget_1': 0.36324157763754183, 'learningRate': 5.878333317326381e-05, 'w1': 1.0040650946448564, 'w2': 3.5900821217128156, 'w3': 2.2462032648408017, 'w4': 1.1210710686544059, 'w5': 1.1368435072390002}. Best is trial 83 with value: 0.30262381792068477.
2026-05-20 11:02:40,615 - INFO - Starting trial 84
2026-05-20 11:34:51,278 - INFO - Study saved to /lustre/scratch-global/cib/abiel/AMES_FINAL/optuna/study_20260518.pkl
[I 2026-05-20 11:34:51,279] Trial 84 finished with value: 0.32494155168533323 and parameters: {'nGraphConvolutionalLayers': 5, 'n_node_neurons': 261, 'n_edge_neurons': 291, 'DropoutGNN': 0.06144780630460757, 'momentumBatchNorm': 0.3427201916330051, 'nSharedLayers': 1, 'nTargetSpecificLayers': 2, 'n_shared_0': 108, 'n_target_0': 184, 'n_target_1': 155, 'DropoutShared_0': 0.1624830339476953, 'DropoutTarget_0': 0.3452020491357874, 'DropoutTarget_1': 0.3695931757959913, 'learningRate': 5.662877938989977e-05, 'w1': 1.5331349632097149, 'w2': 3.5532749748704893, 'w3': 2.2543508894019424, 'w4': 3.3382547368711784, 'w5': 1.1021157600867508}. Best is trial 83 with value: 0.30262381792068477.
2026-05-20 11:34:51,280 - INFO - Starting trial 85
[I 2026-05-20 12:06:53,231] Trial 85 pruned. 
2026-05-20 12:06:53,247 - INFO - Starting trial 86
2026-05-20 12:38:53,178 - INFO - Study saved to /lustre/scratch-global/cib/abiel/AMES_FINAL/optuna/study_20260518.pkl
[I 2026-05-20 12:38:53,202] Trial 86 finished with value: 0.32371060780116495 and parameters: {'nGraphConvolutionalLayers': 5, 'n_node_neurons': 281, 'n_edge_neurons': 273, 'DropoutGNN': 0.08790225311592888, 'momentumBatchNorm': 0.3393352925816376, 'nSharedLayers': 1, 'nTargetSpecificLayers': 2, 'n_shared_0': 88, 'n_target_0': 192, 'n_target_1': 176, 'DropoutShared_0': 0.16329426618147508, 'DropoutTarget_0': 0.3216157028084505, 'DropoutTarget_1': 0.37025387254423, 'learningRate': 5.50682369966709e-05, 'w1': 2.2798455481628506, 'w2': 4.028890584528701, 'w3': 1.860717777055908, 'w4': 3.301243272724713, 'w5': 1.152307231975603}. Best is trial 83 with value: 0.30262381792068477.
2026-05-20 12:38:53,203 - INFO - Starting trial 87
2026-05-20 13:10:44,408 - INFO - Study saved to /lustre/scratch-global/cib/abiel/AMES_FINAL/optuna/study_20260518.pkl
[I 2026-05-20 13:10:44,409] Trial 87 finished with value: 0.3329818880558014 and parameters: {'nGraphConvolutionalLayers': 5, 'n_node_neurons': 277, 'n_edge_neurons': 273, 'DropoutGNN': 0.09305578374734876, 'momentumBatchNorm': 0.3439127205045525, 'nSharedLayers': 1, 'nTargetSpecificLayers': 2, 'n_shared_0': 74, 'n_target_0': 194, 'n_target_1': 218, 'DropoutShared_0': 0.16576152189605947, 'DropoutTarget_0': 0.32152512165282204, 'DropoutTarget_1': 0.3694120841223159, 'learningRate': 8.889895139792522e-05, 'w1': 2.0436316590364236, 'w2': 4.142739001447102, 'w3': 1.7409353623310417, 'w4': 3.3243481061858526, 'w5': 1.147993554931609}. Best is trial 83 with value: 0.30262381792068477.
2026-05-20 13:10:44,410 - INFO - Starting trial 88
[I 2026-05-20 13:42:46,403] Trial 88 pruned. 
2026-05-20 13:42:46,404 - INFO - Starting trial 89
2026-05-20 14:14:59,013 - INFO - Study saved to /lustre/scratch-global/cib/abiel/AMES_FINAL/optuna/study_20260518.pkl
[I 2026-05-20 14:14:59,098] Trial 89 finished with value: 0.3214048386471612 and parameters: {'nGraphConvolutionalLayers': 5, 'n_node_neurons': 273, 'n_edge_neurons': 275, 'DropoutGNN': 0.05848581769985399, 'momentumBatchNorm': 0.17393319263909082, 'nSharedLayers': 1, 'nTargetSpecificLayers': 2, 'n_shared_0': 57, 'n_target_0': 159, 'n_target_1': 138, 'DropoutShared_0': 0.2606963366856737, 'DropoutTarget_0': 0.34877000738248776, 'DropoutTarget_1': 0.3586230655858755, 'learningRate': 6.29230163876372e-05, 'w1': 1.846532474380799, 'w2': 3.992077391485476, 'w3': 1.426838502650996, 'w4': 3.137780154597807, 'w5': 1.130909403567368}. Best is trial 83 with value: 0.30262381792068477.
2026-05-20 14:14:59,101 - INFO - Starting trial 90
[I 2026-05-20 14:47:06,035] Trial 90 pruned. 
2026-05-20 14:47:06,035 - INFO - Starting trial 91
2026-05-20 15:19:31,539 - INFO - Study saved to /lustre/scratch-global/cib/abiel/AMES_FINAL/optuna/study_20260518.pkl
[I 2026-05-20 15:19:31,541] Trial 91 finished with value: 0.34602280506065913 and parameters: {'nGraphConvolutionalLayers': 5, 'n_node_neurons': 282, 'n_edge_neurons': 297, 'DropoutGNN': 0.08115091576363459, 'momentumBatchNorm': 0.2683314170831171, 'nSharedLayers': 1, 'nTargetSpecificLayers': 2, 'n_shared_0': 115, 'n_target_0': 171, 'n_target_1': 131, 'DropoutShared_0': 0.23220870259122905, 'DropoutTarget_0': 0.32775802390262027, 'DropoutTarget_1': 0.3577978475553772, 'learningRate': 4.026094241774635e-05, 'w1': 1.8218073169528557, 'w2': 3.895698173412561, 'w3': 1.4298069919288972, 'w4': 2.894780124732585, 'w5': 1.1153046239647892}. Best is trial 83 with value: 0.30262381792068477.
2026-05-20 15:19:31,541 - INFO - Starting trial 92
[I 2026-05-20 15:51:21,565] Trial 92 pruned. 
2026-05-20 15:51:21,605 - INFO - Starting trial 93
2026-05-20 16:23:10,877 - INFO - Study saved to /lustre/scratch-global/cib/abiel/AMES_FINAL/optuna/study_20260518.pkl
[I 2026-05-20 16:23:10,880] Trial 93 finished with value: 0.34321941248008186 and parameters: {'nGraphConvolutionalLayers': 5, 'n_node_neurons': 265, 'n_edge_neurons': 292, 'DropoutGNN': 0.01784044561823983, 'momentumBatchNorm': 0.24383618856948475, 'nSharedLayers': 1, 'nTargetSpecificLayers': 2, 'n_shared_0': 64, 'n_target_0': 182, 'n_target_1': 174, 'DropoutShared_0': 0.16268197149893118, 'DropoutTarget_0': 0.35748192525648265, 'DropoutTarget_1': 0.3458551620582154, 'learningRate': 5.9062825519596595e-05, 'w1': 1.6556138364504855, 'w2': 4.241125092569114, 'w3': 1.5895071995218855, 'w4': 3.284456743745016, 'w5': 1.2800277887138218}. Best is trial 83 with value: 0.30262381792068477.
2026-05-20 16:23:10,881 - INFO - Starting trial 94
2026-05-20 16:54:50,756 - INFO - Study saved to /lustre/scratch-global/cib/abiel/AMES_FINAL/optuna/study_20260518.pkl
[I 2026-05-20 16:54:50,779] Trial 94 finished with value: 0.32382489391735625 and parameters: {'nGraphConvolutionalLayers': 5, 'n_node_neurons': 273, 'n_edge_neurons': 268, 'DropoutGNN': 0.06921897421014211, 'momentumBatchNorm': 0.33611537320269436, 'nSharedLayers': 1, 'nTargetSpecificLayers': 2, 'n_shared_0': 86, 'n_target_0': 147, 'n_target_1': 143, 'DropoutShared_0': 0.16428371853766474, 'DropoutTarget_0': 0.3378948354738114, 'DropoutTarget_1': 0.3132483145279348, 'learningRate': 9.285451560343411e-05, 'w1': 1.9513842902804506, 'w2': 3.765692669825011, 'w3': 2.0757431190911566, 'w4': 3.0423754887985908, 'w5': 1.1288557961578884}. Best is trial 83 with value: 0.30262381792068477.
2026-05-20 16:54:50,779 - INFO - Starting trial 95
2026-05-20 17:26:50,867 - INFO - Study saved to /lustre/scratch-global/cib/abiel/AMES_FINAL/optuna/study_20260518.pkl
[I 2026-05-20 17:26:50,883] Trial 95 finished with value: 0.3223289412260056 and parameters: {'nGraphConvolutionalLayers': 5, 'n_node_neurons': 293, 'n_edge_neurons': 271, 'DropoutGNN': 0.06772392231732566, 'momentumBatchNorm': 0.33903807545844644, 'nSharedLayers': 1, 'nTargetSpecificLayers': 2, 'n_shared_0': 57, 'n_target_0': 162, 'n_target_1': 190, 'DropoutShared_0': 0.14630881875319576, 'DropoutTarget_0': 0.3386689232964248, 'DropoutTarget_1': 0.30935726440392664, 'learningRate': 8.948220806908302e-05, 'w1': 1.928547056671862, 'w2': 3.714122253085106, 'w3': 2.117486194906674, 'w4': 3.0082011816696252, 'w5': 1.6996427054658354}. Best is trial 83 with value: 0.30262381792068477.
2026-05-20 17:26:50,884 - INFO - Starting trial 96
[I 2026-05-20 17:58:53,448] Trial 96 pruned. 
2026-05-20 17:58:53,449 - INFO - Starting trial 97
[I 2026-05-20 18:30:50,693] Trial 97 pruned. 
2026-05-20 18:30:50,693 - INFO - Starting trial 98
2026-05-20 19:02:50,640 - INFO - Study saved to /lustre/scratch-global/cib/abiel/AMES_FINAL/optuna/study_20260518.pkl
[I 2026-05-20 19:02:50,657] Trial 98 finished with value: 0.3413026703255517 and parameters: {'nGraphConvolutionalLayers': 5, 'n_node_neurons': 272, 'n_edge_neurons': 280, 'DropoutGNN': 0.06983691141539056, 'momentumBatchNorm': 0.38579285283642933, 'nSharedLayers': 1, 'nTargetSpecificLayers': 2, 'n_shared_0': 56, 'n_target_0': 177, 'n_target_1': 144, 'DropoutShared_0': 0.19990459637479344, 'DropoutTarget_0': 0.2778292375566662, 'DropoutTarget_1': 0.4538714383521585, 'learningRate': 8.800250296865094e-05, 'w1': 2.276543032852847, 'w2': 4.025393769969045, 'w3': 1.2772937394942123, 'w4': 2.9643299688893707, 'w5': 3.933284188792398}. Best is trial 83 with value: 0.30262381792068477.
2026-05-20 19:02:50,658 - INFO - Starting trial 99
[I 2026-05-20 19:34:35,539] Trial 99 pruned. 
2026-05-20 19:34:35,549 - INFO - Starting trial 100
[I 2026-05-20 20:05:55,782] Trial 100 pruned. 
2026-05-20 20:05:55,782 - INFO - Starting trial 101
2026-05-20 20:38:00,450 - INFO - Study saved to /lustre/scratch-global/cib/abiel/AMES_FINAL/optuna/study_20260518.pkl
[I 2026-05-20 20:38:00,476] Trial 101 finished with value: 0.31513486283166064 and parameters: {'nGraphConvolutionalLayers': 5, 'n_node_neurons': 252, 'n_edge_neurons': 261, 'DropoutGNN': 0.054288389530808986, 'momentumBatchNorm': 0.3196355567561076, 'nSharedLayers': 1, 'nTargetSpecificLayers': 2, 'n_shared_0': 81, 'n_target_0': 160, 'n_target_1': 137, 'DropoutShared_0': 0.180214392403055, 'DropoutTarget_0': 0.34896952733605363, 'DropoutTarget_1': 0.31077943440786937, 'learningRate': 7.637452173793585e-05, 'w1': 1.0044895080909757, 'w2': 3.450845622088418, 'w3': 2.4065618600254433, 'w4': 2.6920246886293544, 'w5': 1.1235799747813675}. Best is trial 83 with value: 0.30262381792068477.
2026-05-20 20:38:00,477 - INFO - Starting trial 102
2026-05-20 21:10:01,551 - INFO - Study saved to /lustre/scratch-global/cib/abiel/AMES_FINAL/optuna/study_20260518.pkl
[I 2026-05-20 21:10:01,553] Trial 102 finished with value: 0.3341911978381021 and parameters: {'nGraphConvolutionalLayers': 5, 'n_node_neurons': 255, 'n_edge_neurons': 251, 'DropoutGNN': 0.08949030957026873, 'momentumBatchNorm': 0.3729655248447435, 'nSharedLayers': 1, 'nTargetSpecificLayers': 2, 'n_shared_0': 82, 'n_target_0': 150, 'n_target_1': 138, 'DropoutShared_0': 0.17143536089079417, 'DropoutTarget_0': 0.3525794710028379, 'DropoutTarget_1': 0.3061957829108078, 'learningRate': 7.187819783736101e-05, 'w1': 3.8072310771985727, 'w2': 3.832972258145703, 'w3': 2.425758840613345, 'w4': 3.341179394020522, 'w5': 1.2635616032858694}. Best is trial 83 with value: 0.30262381792068477.
2026-05-20 21:10:01,553 - INFO - Starting trial 103
2026-05-20 21:42:01,595 - INFO - Study saved to /lustre/scratch-global/cib/abiel/AMES_FINAL/optuna/study_20260518.pkl
[I 2026-05-20 21:42:01,597] Trial 103 finished with value: 0.35004307376486915 and parameters: {'nGraphConvolutionalLayers': 5, 'n_node_neurons': 270, 'n_edge_neurons': 264, 'DropoutGNN': 0.0554274634700803, 'momentumBatchNorm': 0.35052398983794086, 'nSharedLayers': 1, 'nTargetSpecificLayers': 2, 'n_shared_0': 101, 'n_target_0': 194, 'n_target_1': 191, 'DropoutShared_0': 0.15611661522736983, 'DropoutTarget_0': 0.3174309988717944, 'DropoutTarget_1': 0.3418693363474682, 'learningRate': 3.266812695411712e-05, 'w1': 1.4088655206672867, 'w2': 3.192653414784904, 'w3': 2.0698491955153746, 'w4': 3.2141618546602246, 'w5': 1.4088783618063019}. Best is trial 83 with value: 0.30262381792068477.
2026-05-20 21:42:01,597 - INFO - Starting trial 104
[I 2026-05-20 22:14:05,786] Trial 104 pruned. 
2026-05-20 22:14:05,787 - INFO - Starting trial 105
2026-05-20 22:46:30,205 - INFO - Study saved to /lustre/scratch-global/cib/abiel/AMES_FINAL/optuna/study_20260518.pkl
[I 2026-05-20 22:46:30,207] Trial 105 finished with value: 0.3245237386226655 and parameters: {'nGraphConvolutionalLayers': 5, 'n_node_neurons': 278, 'n_edge_neurons': 275, 'DropoutGNN': 0.1227534080490626, 'momentumBatchNorm': 0.26918142357488384, 'nSharedLayers': 1, 'nTargetSpecificLayers': 2, 'n_shared_0': 85, 'n_target_0': 167, 'n_target_1': 152, 'DropoutShared_0': 0.1331421460375316, 'DropoutTarget_0': 0.40218864984582964, 'DropoutTarget_1': 0.29375322285704625, 'learningRate': 5.719392424016027e-05, 'w1': 2.209806776289255, 'w2': 4.174058462625746, 'w3': 2.2172087184815266, 'w4': 3.1323628813434303, 'w5': 1.0008634095836981}. Best is trial 83 with value: 0.30262381792068477.
2026-05-20 22:46:30,207 - INFO - Starting trial 106
2026-05-20 23:18:36,001 - INFO - Study saved to /lustre/scratch-global/cib/abiel/AMES_FINAL/optuna/study_20260518.pkl
[I 2026-05-20 23:18:36,016] Trial 106 finished with value: 0.3305791401011603 and parameters: {'nGraphConvolutionalLayers': 5, 'n_node_neurons': 280, 'n_edge_neurons': 279, 'DropoutGNN': 0.10112310562214637, 'momentumBatchNorm': 0.27335806637183124, 'nSharedLayers': 1, 'nTargetSpecificLayers': 2, 'n_shared_0': 86, 'n_target_0': 175, 'n_target_1': 162, 'DropoutShared_0': 0.10468423283456298, 'DropoutTarget_0': 0.40453033850838804, 'DropoutTarget_1': 0.29021974982789944, 'learningRate': 6.471198269053838e-05, 'w1': 2.678559548812342, 'w2': 4.404333251435321, 'w3': 2.178598524842435, 'w4': 2.850275375800939, 'w5': 1.0023868472659643}. Best is trial 83 with value: 0.30262381792068477.
2026-05-20 23:18:36,018 - INFO - Starting trial 107
[I 2026-05-20 23:50:54,745] Trial 107 pruned. 
2026-05-20 23:50:54,746 - INFO - Starting trial 108
[I 2026-05-21 00:23:02,708] Trial 108 pruned. 
2026-05-21 00:23:02,709 - INFO - Starting trial 109
[I 2026-05-21 00:55:33,149] Trial 109 pruned. 
2026-05-21 00:55:33,150 - INFO - Starting trial 110
2026-05-21 01:27:24,758 - INFO - Study saved to /lustre/scratch-global/cib/abiel/AMES_FINAL/optuna/study_20260518.pkl
[I 2026-05-21 01:27:24,771] Trial 110 finished with value: 0.3487202221155166 and parameters: {'nGraphConvolutionalLayers': 5, 'n_node_neurons': 289, 'n_edge_neurons': 249, 'DropoutGNN': 0.08171284393063605, 'momentumBatchNorm': 0.3624966170782632, 'nSharedLayers': 1, 'nTargetSpecificLayers': 2, 'n_shared_0': 61, 'n_target_0': 183, 'n_target_1': 147, 'DropoutShared_0': 0.088581984912534, 'DropoutTarget_0': 0.38314330209645486, 'DropoutTarget_1': 0.36598098518388805, 'learningRate': 3.930850876527989e-05, 'w1': 1.3280249510423574, 'w2': 3.9497900634350183, 'w3': 1.6688356064878014, 'w4': 3.4382672019086473, 'w5': 1.3006768545271952}. Best is trial 83 with value: 0.30262381792068477.
2026-05-21 01:27:24,772 - INFO - Starting trial 111
2026-05-21 01:59:43,110 - INFO - Study saved to /lustre/scratch-global/cib/abiel/AMES_FINAL/optuna/study_20260518.pkl
[I 2026-05-21 01:59:43,138] Trial 111 finished with value: 0.3236911554847445 and parameters: {'nGraphConvolutionalLayers': 5, 'n_node_neurons': 254, 'n_edge_neurons': 269, 'DropoutGNN': 0.07042644945307461, 'momentumBatchNorm': 0.22301572094842464, 'nSharedLayers': 1, 'nTargetSpecificLayers': 2, 'n_shared_0': 111, 'n_target_0': 171, 'n_target_1': 138, 'DropoutShared_0': 0.17461274432151308, 'DropoutTarget_0': 0.35264362858770704, 'DropoutTarget_1': 0.31029140802115635, 'learningRate': 6.31010178335271e-05, 'w1': 1.7266764745367646, 'w2': 3.4188684474757576, 'w3': 2.5201948220832397, 'w4': 3.266172208477238, 'w5': 1.177752557126959}. Best is trial 83 with value: 0.30262381792068477.
2026-05-21 01:59:43,138 - INFO - Starting trial 112
2026-05-21 02:31:58,826 - INFO - Study saved to /lustre/scratch-global/cib/abiel/AMES_FINAL/optuna/study_20260518.pkl
[I 2026-05-21 02:31:58,829] Trial 112 finished with value: 0.33037711679935455 and parameters: {'nGraphConvolutionalLayers': 5, 'n_node_neurons': 240, 'n_edge_neurons': 272, 'DropoutGNN': 0.050821700069862474, 'momentumBatchNorm': 0.21789208087132436, 'nSharedLayers': 1, 'nTargetSpecificLayers': 2, 'n_shared_0': 110, 'n_target_0': 191, 'n_target_1': 175, 'DropoutShared_0': 0.17857648388914654, 'DropoutTarget_0': 0.3518395613001772, 'DropoutTarget_1': 0.3209930325602267, 'learningRate': 5.792717565014962e-05, 'w1': 1.0055044163315463, 'w2': 3.193143956290591, 'w3': 2.59536861211222, 'w4': 3.2594061477757625, 'w5': 1.2075620489477548}. Best is trial 83 with value: 0.30262381792068477.
2026-05-21 02:31:58,829 - INFO - Starting trial 113
2026-05-21 03:04:06,134 - INFO - Study saved to /lustre/scratch-global/cib/abiel/AMES_FINAL/optuna/study_20260518.pkl
[I 2026-05-21 03:04:06,147] Trial 113 finished with value: 0.3375505677291325 and parameters: {'nGraphConvolutionalLayers': 5, 'n_node_neurons': 278, 'n_edge_neurons': 291, 'DropoutGNN': 0.08771363317483694, 'momentumBatchNorm': 0.33723953495283265, 'nSharedLayers': 1, 'nTargetSpecificLayers': 2, 'n_shared_0': 77, 'n_target_0': 154, 'n_target_1': 134, 'DropoutShared_0': 0.15201911699148188, 'DropoutTarget_0': 0.36909778585779696, 'DropoutTarget_1': 0.3965189837688007, 'learningRate': 7.636103051892579e-05, 'w1': 1.5988277668424633, 'w2': 3.4532185116941707, 'w3': 2.305711630175547, 'w4': 3.5646104021692206, 'w5': 1.3791080032088034}. Best is trial 83 with value: 0.30262381792068477.
2026-05-21 03:04:06,148 - INFO - Starting trial 114
[I 2026-05-21 03:36:00,638] Trial 114 pruned. 
2026-05-21 03:36:00,658 - INFO - Starting trial 115
2026-05-21 04:08:11,642 - INFO - Study saved to /lustre/scratch-global/cib/abiel/AMES_FINAL/optuna/study_20260518.pkl
[I 2026-05-21 04:08:11,644] Trial 115 finished with value: 0.34559599816799164 and parameters: {'nGraphConvolutionalLayers': 5, 'n_node_neurons': 260, 'n_edge_neurons': 296, 'DropoutGNN': 0.07166554622343156, 'momentumBatchNorm': 0.27584488055066037, 'nSharedLayers': 1, 'nTargetSpecificLayers': 2, 'n_shared_0': 122, 'n_target_0': 168, 'n_target_1': 117, 'DropoutShared_0': 0.12004165043534931, 'DropoutTarget_0': 0.28642817225376954, 'DropoutTarget_1': 0.28229733925536415, 'learningRate': 5.739915041727213e-05, 'w1': 1.8384173406013198, 'w2': 3.273017216705801, 'w3': 2.7857582552682585, 'w4': 3.367799546951675, 'w5': 1.512128847416474}. Best is trial 83 with value: 0.30262381792068477.
2026-05-21 04:08:11,644 - INFO - Starting trial 116
2026-05-21 04:39:58,058 - INFO - Study saved to /lustre/scratch-global/cib/abiel/AMES_FINAL/optuna/study_20260518.pkl
[I 2026-05-21 04:39:58,075] Trial 116 finished with value: 0.3382457846403122 and parameters: {'nGraphConvolutionalLayers': 5, 'n_node_neurons': 272, 'n_edge_neurons': 257, 'DropoutGNN': 0.10702204472492963, 'momentumBatchNorm': 0.23105531100316368, 'nSharedLayers': 1, 'nTargetSpecificLayers': 2, 'n_shared_0': 70, 'n_target_0': 113, 'n_target_1': 185, 'DropoutShared_0': 0.17456413741128662, 'DropoutTarget_0': 0.3083102940345336, 'DropoutTarget_1': 0.29656876907394536, 'learningRate': 8.267124820496211e-05, 'w1': 2.2129078868752816, 'w2': 3.6021387980617052, 'w3': 2.5317626001620575, 'w4': 3.102633916188865, 'w5': 1.2330575575219012}. Best is trial 83 with value: 0.30262381792068477.
2026-05-21 04:39:58,076 - INFO - Starting trial 117
[I 2026-05-21 05:12:09,814] Trial 117 pruned. 
2026-05-21 05:12:09,814 - INFO - Starting trial 118
[I 2026-05-21 05:43:59,630] Trial 118 pruned. 
2026-05-21 05:43:59,664 - INFO - Starting trial 119
[I 2026-05-21 06:15:48,891] Trial 119 pruned. 
2026-05-21 06:15:48,892 - INFO - Starting trial 120
[I 2026-05-21 06:47:29,136] Trial 120 pruned. 
2026-05-21 06:47:29,136 - INFO - Starting trial 121
2026-05-21 07:19:15,689 - INFO - Study saved to /lustre/scratch-global/cib/abiel/AMES_FINAL/optuna/study_20260518.pkl
[I 2026-05-21 07:19:15,710] Trial 121 finished with value: 0.33170621497290476 and parameters: {'nGraphConvolutionalLayers': 5, 'n_node_neurons': 253, 'n_edge_neurons': 266, 'DropoutGNN': 0.06711173605817337, 'momentumBatchNorm': 0.4203910323833143, 'nSharedLayers': 1, 'nTargetSpecificLayers': 2, 'n_shared_0': 122, 'n_target_0': 167, 'n_target_1': 141, 'DropoutShared_0': 0.16546368986048696, 'DropoutTarget_0': 0.3383006328334197, 'DropoutTarget_1': 0.2977479533715055, 'learningRate': 5.122401141153574e-05, 'w1': 1.716263078461879, 'w2': 3.6640068175337013, 'w3': 2.470119052126434, 'w4': 1.3070670061245637, 'w5': 1.1699085076944726}. Best is trial 83 with value: 0.30262381792068477.
2026-05-21 07:19:15,712 - INFO - Starting trial 122
2026-05-21 07:50:48,185 - INFO - Study saved to /lustre/scratch-global/cib/abiel/AMES_FINAL/optuna/study_20260518.pkl
[I 2026-05-21 07:50:48,196] Trial 122 finished with value: 0.32803897568157747 and parameters: {'nGraphConvolutionalLayers': 5, 'n_node_neurons': 256, 'n_edge_neurons': 275, 'DropoutGNN': 0.04555088510171208, 'momentumBatchNorm': 0.39763952433294164, 'nSharedLayers': 1, 'nTargetSpecificLayers': 2, 'n_shared_0': 299, 'n_target_0': 185, 'n_target_1': 122, 'DropoutShared_0': 0.19308999662360182, 'DropoutTarget_0': 0.3339509117605767, 'DropoutTarget_1': 0.3753068037219922, 'learningRate': 7.021975490821813e-05, 'w1': 1.9637615381375721, 'w2': 3.9667353248647466, 'w3': 2.72321337127711, 'w4': 3.042965117997061, 'w5': 1.0045113722135857}. Best is trial 83 with value: 0.30262381792068477.
2026-05-21 07:50:48,197 - INFO - Starting trial 123
[I 2026-05-21 08:22:34,296] Trial 123 pruned. 
2026-05-21 08:22:34,296 - INFO - Starting trial 124
2026-05-21 08:54:50,932 - INFO - Study saved to /lustre/scratch-global/cib/abiel/AMES_FINAL/optuna/study_20260518.pkl
[I 2026-05-21 08:54:50,971] Trial 124 finished with value: 0.337795108301299 and parameters: {'nGraphConvolutionalLayers': 5, 'n_node_neurons': 166, 'n_edge_neurons': 269, 'DropoutGNN': 0.09741650578279563, 'momentumBatchNorm': 0.3376131643344493, 'nSharedLayers': 1, 'nTargetSpecificLayers': 2, 'n_shared_0': 83, 'n_target_0': 164, 'n_target_1': 153, 'DropoutShared_0': 0.17862115933254977, 'DropoutTarget_0': 0.35043164910369934, 'DropoutTarget_1': 0.35835576658021234, 'learningRate': 6.283675866193561e-05, 'w1': 2.6502458926322388, 'w2': 3.5526709685609275, 'w3': 2.069068636795682, 'w4': 3.25986098355654, 'w5': 1.576082388085692}. Best is trial 83 with value: 0.30262381792068477.
2026-05-21 08:54:50,973 - INFO - Starting trial 125
2026-05-21 09:26:38,622 - INFO - Study saved to /lustre/scratch-global/cib/abiel/AMES_FINAL/optuna/study_20260518.pkl
[I 2026-05-21 09:26:38,680] Trial 125 finished with value: 0.3421183770895004 and parameters: {'nGraphConvolutionalLayers': 5, 'n_node_neurons': 294, 'n_edge_neurons': 245, 'DropoutGNN': 0.08417628238650779, 'momentumBatchNorm': 0.35775646577866177, 'nSharedLayers': 1, 'nTargetSpecificLayers': 2, 'n_shared_0': 99, 'n_target_0': 142, 'n_target_1': 137, 'DropoutShared_0': 0.12904642711808587, 'DropoutTarget_0': 0.3694595251227654, 'DropoutTarget_1': 0.3869115183147853, 'learningRate': 8.602284495989786e-05, 'w1': 1.6573963218598737, 'w2': 3.3655886685630447, 'w3': 2.86218958581246, 'w4': 2.804229343939497, 'w5': 1.4146011855992802}. Best is trial 83 with value: 0.30262381792068477.
2026-05-21 09:26:38,681 - INFO - Starting trial 126
[I 2026-05-21 09:58:40,084] Trial 126 pruned. 
2026-05-21 09:58:40,084 - INFO - Starting trial 127
[I 2026-05-21 10:30:43,709] Trial 127 pruned. 
2026-05-21 10:30:43,755 - INFO - Starting trial 128
2026-05-21 11:02:37,510 - INFO - Study saved to /lustre/scratch-global/cib/abiel/AMES_FINAL/optuna/study_20260518.pkl
[I 2026-05-21 11:02:37,566] Trial 128 finished with value: 0.3324695029429027 and parameters: {'nGraphConvolutionalLayers': 5, 'n_node_neurons': 266, 'n_edge_neurons': 279, 'DropoutGNN': 0.04637994257707383, 'momentumBatchNorm': 0.43114237423790946, 'nSharedLayers': 1, 'nTargetSpecificLayers': 2, 'n_shared_0': 76, 'n_target_0': 155, 'n_target_1': 150, 'DropoutShared_0': 0.10102846838019305, 'DropoutTarget_0': 0.31694526285316016, 'DropoutTarget_1': 0.335037632897185, 'learningRate': 3.4886741869890475e-05, 'w1': 1.1319134620548428, 'w2': 3.4650341933656486, 'w3': 1.1845555835057016, 'w4': 3.360561228604484, 'w5': 1.2024374939456761}. Best is trial 83 with value: 0.30262381792068477.
2026-05-21 11:02:37,567 - INFO - Starting trial 129
2026-05-21 11:34:28,754 - INFO - Study saved to /lustre/scratch-global/cib/abiel/AMES_FINAL/optuna/study_20260518.pkl
[I 2026-05-21 11:34:28,756] Trial 129 finished with value: 0.33925174704619815 and parameters: {'nGraphConvolutionalLayers': 5, 'n_node_neurons': 126, 'n_edge_neurons': 258, 'DropoutGNN': 0.10983850249065276, 'momentumBatchNorm': 0.3051456380612239, 'nSharedLayers': 1, 'nTargetSpecificLayers': 2, 'n_shared_0': 96, 'n_target_0': 225, 'n_target_1': 114, 'DropoutShared_0': 0.14243633063541428, 'DropoutTarget_0': 0.33315700427132827, 'DropoutTarget_1': 0.3246749153986871, 'learningRate': 5.404038693603854e-05, 'w1': 2.132890903072043, 'w2': 4.129542930398282, 'w3': 1.8815283238438263, 'w4': 2.6003115146667213, 'w5': 1.4498036086163881}. Best is trial 83 with value: 0.30262381792068477.
2026-05-21 11:34:28,756 - INFO - Starting trial 130
2026-05-21 12:06:56,989 - INFO - Study saved to /lustre/scratch-global/cib/abiel/AMES_FINAL/optuna/study_20260518.pkl
[I 2026-05-21 12:06:56,991] Trial 130 finished with value: 0.33814703251634326 and parameters: {'nGraphConvolutionalLayers': 5, 'n_node_neurons': 287, 'n_edge_neurons': 271, 'DropoutGNN': 0.07516994471052768, 'momentumBatchNorm': 0.4519611538298284, 'nSharedLayers': 1, 'nTargetSpecificLayers': 2, 'n_shared_0': 117, 'n_target_0': 182, 'n_target_1': 126, 'DropoutShared_0': 0.16816357103463034, 'DropoutTarget_0': 0.3495831728941581, 'DropoutTarget_1': 0.30596718209791723, 'learningRate': 0.00010253897669899387, 'w1': 1.3958887842530476, 'w2': 3.6051861263549307, 'w3': 1.542411907789834, 'w4': 3.161184282882142, 'w5': 1.3244166890014688}. Best is trial 83 with value: 0.30262381792068477.
2026-05-21 12:06:56,991 - INFO - Starting trial 131
2026-05-21 12:39:02,527 - INFO - Study saved to /lustre/scratch-global/cib/abiel/AMES_FINAL/optuna/study_20260518.pkl
[I 2026-05-21 12:39:02,552] Trial 131 finished with value: 0.3244907506874629 and parameters: {'nGraphConvolutionalLayers': 5, 'n_node_neurons': 250, 'n_edge_neurons': 300, 'DropoutGNN': 0.0631829725492182, 'momentumBatchNorm': 0.31285344828250583, 'nSharedLayers': 1, 'nTargetSpecificLayers': 2, 'n_shared_0': 125, 'n_target_0': 164, 'n_target_1': 173, 'DropoutShared_0': 0.18457645254905053, 'DropoutTarget_0': 0.3690202626967042, 'DropoutTarget_1': 0.24994976411967265, 'learningRate': 4.754934023828596e-05, 'w1': 1.215342568819731, 'w2': 3.4378671536395657, 'w3': 2.300881785233575, 'w4': 2.5170122977312874, 'w5': 1.1116586239557307}. Best is trial 83 with value: 0.30262381792068477.
2026-05-21 12:39:02,553 - INFO - Starting trial 132
2026-05-21 13:11:04,541 - INFO - Study saved to /lustre/scratch-global/cib/abiel/AMES_FINAL/optuna/study_20260518.pkl
[I 2026-05-21 13:11:04,542] Trial 132 finished with value: 0.3278082574265344 and parameters: {'nGraphConvolutionalLayers': 5, 'n_node_neurons': 253, 'n_edge_neurons': 283, 'DropoutGNN': 0.08878458548778373, 'momentumBatchNorm': 0.3366782238233597, 'nSharedLayers': 1, 'nTargetSpecificLayers': 2, 'n_shared_0': 135, 'n_target_0': 160, 'n_target_1': 179, 'DropoutShared_0': 0.18261122826097348, 'DropoutTarget_0': 0.3769601774877911, 'DropoutTarget_1': 0.24157507929063013, 'learningRate': 6.672815309513213e-05, 'w1': 1.2199364442445146, 'w2': 2.9719726316703707, 'w3': 2.3648661375763074, 'w4': 2.981448984836655, 'w5': 1.0011526182671453}. Best is trial 83 with value: 0.30262381792068477.
2026-05-21 13:11:04,543 - INFO - Starting trial 133
2026-05-21 13:42:57,138 - INFO - Study saved to /lustre/scratch-global/cib/abiel/AMES_FINAL/optuna/study_20260518.pkl
[I 2026-05-21 13:42:57,139] Trial 133 finished with value: 0.332085382597787 and parameters: {'nGraphConvolutionalLayers': 5, 'n_node_neurons': 259, 'n_edge_neurons': 296, 'DropoutGNN': 0.06731855264942771, 'momentumBatchNorm': 0.2830427337670396, 'nSharedLayers': 1, 'nTargetSpecificLayers': 2, 'n_shared_0': 125, 'n_target_0': 190, 'n_target_1': 210, 'DropoutShared_0': 0.1571784834379561, 'DropoutTarget_0': 0.35709609627627426, 'DropoutTarget_1': 0.26266498137761046, 'learningRate': 4.140569543518087e-05, 'w1': 1.301002215057085, 'w2': 3.256997743594739, 'w3': 2.7014011211218683, 'w4': 2.4737546669806454, 'w5': 1.1107535684283583}. Best is trial 83 with value: 0.30262381792068477.
2026-05-21 13:42:57,139 - INFO - Starting trial 134
2026-05-21 14:14:53,031 - INFO - Study saved to /lustre/scratch-global/cib/abiel/AMES_FINAL/optuna/study_20260518.pkl
[I 2026-05-21 14:14:53,055] Trial 134 finished with value: 0.32488457496677126 and parameters: {'nGraphConvolutionalLayers': 5, 'n_node_neurons': 248, 'n_edge_neurons': 300, 'DropoutGNN': 0.05328601125288415, 'momentumBatchNorm': 0.3896965657512103, 'nSharedLayers': 1, 'nTargetSpecificLayers': 2, 'n_shared_0': 142, 'n_target_0': 174, 'n_target_1': 160, 'DropoutShared_0': 0.19134330002111655, 'DropoutTarget_0': 0.3891681097419283, 'DropoutTarget_1': 0.2174141272994036, 'learningRate': 8.079402809792047e-05, 'w1': 4.142714308713318, 'w2': 3.7188639916685537, 'w3': 2.252474178856621, 'w4': 2.1507810480953617, 'w5': 1.2461517221938159}. Best is trial 83 with value: 0.30262381792068477.
2026-05-21 14:14:53,057 - INFO - Starting trial 135
2026-05-21 14:46:52,464 - INFO - Study saved to /lustre/scratch-global/cib/abiel/AMES_FINAL/optuna/study_20260518.pkl
[I 2026-05-21 14:46:52,466] Trial 135 finished with value: 0.3454278394579887 and parameters: {'nGraphConvolutionalLayers': 5, 'n_node_neurons': 233, 'n_edge_neurons': 299, 'DropoutGNN': 0.0009580823628487986, 'momentumBatchNorm': 0.3204375833750905, 'nSharedLayers': 1, 'nTargetSpecificLayers': 2, 'n_shared_0': 143, 'n_target_0': 174, 'n_target_1': 162, 'DropoutShared_0': 0.19657628070080385, 'DropoutTarget_0': 0.39218047023991404, 'DropoutTarget_1': 0.2242075258014698, 'learningRate': 8.401519333552156e-05, 'w1': 4.1994548398496265, 'w2': 3.124165022183574, 'w3': 2.1453385225559605, 'w4': 2.5511417214220664, 'w5': 1.2809909641985653}. Best is trial 83 with value: 0.30262381792068477.
2026-05-21 14:46:52,466 - INFO - Starting trial 136
slurmstepd: error: *** JOB 1579835 ON drago31050351 CANCELLED AT 2026-05-21T15:04:52 DUE TO TIME LIMIT ***
